******************************************************************************
                  TI ARM Linker PC v18.12.4                    
******************************************************************************
>> Linked Sat Feb  8 14:04:24 2020

OUTPUT FILE NAME:   <20P09_WTIMER.out>
ENTRY POINT SYMBOL: "_c_int00_noinit_noargs"  address: 00000881


MEMORY CONFIGURATION

         name            origin    length      used     unused   attr    fill
----------------------  --------  ---------  --------  --------  ----  --------
  FLASH                 00000000   00040000  000009f0  0003f610  R  X
  SRAM                  20000000   00008000  00000200  00007e00  RW X


SEGMENT ALLOCATION MAP

run origin  load origin   length   init length attrs members
----------  ----------- ---------- ----------- ----- -------
00000000    00000000    000009f0   000009f0    r-x
  00000000    00000000    0000026c   0000026c    r-- .intvecs
  0000026c    0000026c    00000714   00000714    r-x .text
  00000980    00000980    00000070   00000070    r-- .const
20000000    20000000    00000200   00000000    rw-
  20000000    20000000    00000200   00000000    rw- .stack


SECTION ALLOCATION MAP

 output                                  attributes/
section   page    origin      length       input sections
--------  ----  ----------  ----------   ----------------
.intvecs   0    00000000    0000026c     
                  00000000    0000026c     tm4c123gh6pm_startup_ccs.obj (.intvecs)

.text      0    0000026c    00000714     
                  0000026c    0000016c     InitWTimer.obj (.text)
                  000003d8    00000132     driverlib.lib : gpio.obj (.text:GPIOPadConfigSet)
                  0000050a    00000002     --HOLE-- [fill = 0]
                  0000050c    000000f4                   : sysctl.obj (.text:SysCtlClockSet)
                  00000600    000000b8     InitLED.obj (.text)
                  000006b8    00000068     driverlib.lib : interrupt.obj (.text:IntEnable)
                  00000720    00000060                   : timer.obj (.text:TimerConfigure)
                  00000780    00000050     main.obj (.text)
                  000007d0    00000044     InitSysCtl.obj (.text)
                  00000814    00000038     driverlib.lib : sysctl.obj (.text:SysCtlPeripheralReady)
                  0000084c    00000034                   : sysctl.obj (.text:SysCtlPeripheralEnable)
                  00000880    0000002c     rtsv7M4_T_le_v4SPD16_eabi.lib : boot_cortex_m.c.obj (.text:_c_int00_noinit_noargs:_c_int00_noinit_noargs)
                  000008ac    0000002a     driverlib.lib : gpio.obj (.text:GPIODirModeSet)
                  000008d6    00000018                   : gpio.obj (.text:GPIOPinTypeGPIOOutput)
                  000008ee    00000012                   : timer.obj (.text:TimerLoadSet)
                  00000900    00000010                   : interrupt.obj (.text:IntMasterDisable)
                  00000910    00000010                   : interrupt.obj (.text:IntMasterEnable)
                  00000920    0000000e                   : timer.obj (.text:TimerEnable)
                  0000092e    0000000c                   : cpu.obj (.text:CPUcpsid)
                  0000093a    0000000c                   : cpu.obj (.text:CPUcpsie)
                  00000946    0000000c     tm4c123gh6pm_startup_ccs.obj (.text)
                  00000952    00000008     driverlib.lib : timer.obj (.text:TimerIntEnable)
                  0000095a    00000008                   : timer.obj (.text:TimerLoadSet64)
                  00000962    00000006                   : gpio.obj (.text:GPIOPinRead)
                  00000968    00000006                   : gpio.obj (.text:GPIOPinWrite)
                  0000096e    00000006                   : sysctl.obj (.text:SysCtlDelay)
                  00000974    00000004                   : timer.obj (.text:TimerIntClear)
                  00000978    00000004     rtsv7M4_T_le_v4SPD16_eabi.lib : pre_init.c.obj (.text:_system_pre_init)
                  0000097c    00000004                                   : exit.c.obj (.text:abort:abort)

.const     0    00000980    00000070     
                  00000980    00000070     driverlib.lib : interrupt.obj (.const)

.cinit     0    00000000    00000000     UNINITIALIZED

.init_array 
*          0    00000000    00000000     UNINITIALIZED

.stack     0    20000000    00000200     UNINITIALIZED
                  20000000    00000004     rtsv7M4_T_le_v4SPD16_eabi.lib : boot_cortex_m.c.obj (.stack)
                  20000004    000001fc     --HOLE--

MODULE SUMMARY

       Module                         code   ro data   rw data
       ------                         ----   -------   -------
    .\
       tm4c123gh6pm_startup_ccs.obj   12     620       0      
       main.obj                       80     0         0      
    +--+------------------------------+------+---------+---------+
       Total:                         92     620       0      
                                                              
    .\user_init\
       InitWTimer.obj                 364    0         0      
       InitLED.obj                    184    0         0      
       InitSysCtl.obj                 68     0         0      
    +--+------------------------------+------+---------+---------+
       Total:                         616    0         0      
                                                              
    C:/ti/TivaWare_C_Series-2.1.4.178/driverlib/ccs/Debug/driverlib.lib
       gpio.obj                       384    0         0      
       sysctl.obj                     358    0         0      
       interrupt.obj                  136    112       0      
       timer.obj                      148    0         0      
       cpu.obj                        24     0         0      
    +--+------------------------------+------+---------+---------+
       Total:                         1050   112       0      
                                                              
    C:\ti\ccs901\ccs\tools\compiler\ti-cgt-arm_18.12.4.LTS\lib\rtsv7M4_T_le_v4SPD16_eabi.lib
       boot_cortex_m.c.obj            44     0         0      
       exit.c.obj                     4      0         0      
       pre_init.c.obj                 4      0         0      
    +--+------------------------------+------+---------+---------+
       Total:                         52     0         0      
                                                              
       Stack:                         0      0         512    
    +--+------------------------------+------+---------+---------+
       Grand Total:                   1810   732       512    


GLOBAL SYMBOLS: SORTED ALPHABETICALLY BY Name 

address   name                  
-------   ----                  
0000097d  C$$EXIT               
0000092f  CPUcpsid              
0000093b  CPUcpsie              
000008ad  GPIODirModeSet        
000003d9  GPIOPadConfigSet      
00000963  GPIOPinRead           
000008d7  GPIOPinTypeGPIOOutput 
00000969  GPIOPinWrite          
000006a5  Init_B                
00000699  Init_G                
00000601  Init_Led              
0000068d  Init_R                
000007d1  Init_SysCtl           
0000026d  Init_WTimer0          
000002a1  Init_WTimer1          
000002d3  Init_WTimer2          
00000305  Init_WTimer3          
00000337  Init_WTimer4          
00000369  Init_WTimer5          
000006b9  IntEnable             
00000901  IntMasterDisable      
00000911  IntMasterEnable       
00000947  ResetISR              
0000050d  SysCtlClockSet        
0000096f  SysCtlDelay           
0000084d  SysCtlPeripheralEnable
00000815  SysCtlPeripheralReady 
00000721  TimerConfigure        
00000921  TimerEnable           
00000975  TimerIntClear         
00000953  TimerIntEnable        
000008ef  TimerLoadSet          
0000095b  TimerLoadSet64        
0000079d  WTimer0IntHandler     
20000200  __STACK_END           
00000200  __STACK_SIZE          
20000200  __STACK_TOP           
ffffffff  __TI_pprof_out_hndl   
ffffffff  __TI_prof_data_size   
ffffffff  __TI_prof_data_start  
00000000  __TI_static_base__    
ffffffff  __binit__             
ffffffff  __c_args__            
UNDEFED   __mpu_init            
20000000  __stack               
00000881  _c_int00_noinit_noargs
00000979  _system_pre_init      
0000097d  abort                 
ffffffff  binit                 
00000000  g_pfnVectors          
00000781  main                  


GLOBAL SYMBOLS: SORTED BY Symbol Address 

address   name                  
-------   ----                  
00000000  __TI_static_base__    
00000000  g_pfnVectors          
00000200  __STACK_SIZE          
0000026d  Init_WTimer0          
000002a1  Init_WTimer1          
000002d3  Init_WTimer2          
00000305  Init_WTimer3          
00000337  Init_WTimer4          
00000369  Init_WTimer5          
000003d9  GPIOPadConfigSet      
0000050d  SysCtlClockSet        
00000601  Init_Led              
0000068d  Init_R                
00000699  Init_G                
000006a5  Init_B                
000006b9  IntEnable             
00000721  TimerConfigure        
00000781  main                  
0000079d  WTimer0IntHandler     
000007d1  Init_SysCtl           
00000815  SysCtlPeripheralReady 
0000084d  SysCtlPeripheralEnable
00000881  _c_int00_noinit_noargs
000008ad  GPIODirModeSet        
000008d7  GPIOPinTypeGPIOOutput 
000008ef  TimerLoadSet          
00000901  IntMasterDisable      
00000911  IntMasterEnable       
00000921  TimerEnable           
0000092f  CPUcpsid              
0000093b  CPUcpsie              
00000947  ResetISR              
00000953  TimerIntEnable        
0000095b  TimerLoadSet64        
00000963  GPIOPinRead           
00000969  GPIOPinWrite          
0000096f  SysCtlDelay           
00000975  TimerIntClear         
00000979  _system_pre_init      
0000097d  C$$EXIT               
0000097d  abort                 
20000000  __stack               
20000200  __STACK_END           
20000200  __STACK_TOP           
ffffffff  __TI_pprof_out_hndl   
ffffffff  __TI_prof_data_size   
ffffffff  __TI_prof_data_start  
ffffffff  __binit__             
ffffffff  __c_args__            
ffffffff  binit                 
UNDEFED   __mpu_init            

[51 symbols]
