******************************************************************************
                  TI ARM Linker PC v18.12.4                    
******************************************************************************
>> Linked Thu Jan 23 17:59:15 2020

OUTPUT FILE NAME:   <20P06_UART.out>
ENTRY POINT SYMBOL: "_c_int00_noargs"  address: 00000fc5


MEMORY CONFIGURATION

         name            origin    length      used     unused   attr    fill
----------------------  --------  ---------  --------  --------  ----  --------
  FLASH                 00000000   00040000  000012cc  0003ed34  R  X
  SRAM                  20000000   00008000  00000205  00007dfb  RW X


SEGMENT ALLOCATION MAP

run origin  load origin   length   init length attrs members
----------  ----------- ---------- ----------- ----- -------
00000000    00000000    000012d0   000012d0    r-x
  00000000    00000000    0000026c   0000026c    r-- .intvecs
  0000026c    0000026c    00000eac   00000eac    r-x .text
  00001118    00001118    0000019c   0000019c    r-- .const
  000012b8    000012b8    00000018   00000018    r-- .cinit
20000000    20000000    00000205   00000000    rw-
  20000000    20000000    00000200   00000000    rw- .stack
  20000200    20000200    00000005   00000000    rw- .data


SECTION ALLOCATION MAP

 output                                  attributes/
section   page    origin      length       input sections
--------  ----  ----------  ----------   ----------------
.intvecs   0    00000000    0000026c     
                  00000000    0000026c     tm4c123gh6pm_startup_ccs.obj (.intvecs)

.text      0    0000026c    00000eac     
                  0000026c    0000049c     uartstdio.obj (.text)
                  00000708    00000208     InitUART.obj (.text)
                  00000910    00000132     driverlib.lib : gpio.obj (.text:GPIOPadConfigSet)
                  00000a42    00000002     rtsv7M4_T_le_v4SPD16_eabi.lib : div0.asm.obj (.text)
                  00000a44    00000110     driverlib.lib : sysctl.obj (.text:SysCtlClockGet)
                  00000b54    000000f4                   : sysctl.obj (.text:SysCtlClockSet)
                  00000c48    0000009c     rtsv7M4_T_le_v4SPD16_eabi.lib : memcpy_t2.asm.obj (.text)
                  00000ce4    00000068     driverlib.lib : interrupt.obj (.text:IntEnable)
                  00000d4c    00000068     rtsv7M4_T_le_v4SPD16_eabi.lib : copy_decompress_lzss.c.obj (.text:decompress:lzss:__TI_decompress_lzss)
                  00000db4    00000050     delay.obj (.text)
                  00000e04    00000048     driverlib.lib : gpio.obj (.text:GPIOPinConfigure)
                  00000e4c    00000046                   : uart.obj (.text:UARTConfigSetExpClk)
                  00000e92    00000002     --HOLE-- [fill = 0]
                  00000e94    00000044     rtsv7M4_T_le_v4SPD16_eabi.lib : autoinit.c.obj (.text:__TI_auto_init_nobinit_nopinit:__TI_auto_init_nobinit_nopinit)
                  00000ed8    00000040     main.obj (.text)
                  00000f18    00000040     rtsv7M4_T_le_v4SPD16_eabi.lib : u_divt2.asm.obj (.text)
                  00000f58    00000038     driverlib.lib : sysctl.obj (.text:SysCtlPeripheralPresent)
                  00000f90    00000034                   : sysctl.obj (.text:SysCtlPeripheralEnable)
                  00000fc4    00000034     rtsv7M4_T_le_v4SPD16_eabi.lib : boot_cortex_m.c.obj (.text:_c_int00_noargs:_c_int00_noargs)
                  00000ff8    00000034     pinout.obj (.text)
                  0000102c    00000030     InitSysCtl.obj (.text)
                  0000105c    0000002a     driverlib.lib : gpio.obj (.text:GPIODirModeSet)
                  00001086    00000002     --HOLE-- [fill = 0]
                  00001088    00000020                   : uart.obj (.text:UARTDisable)
                  000010a8    00000014                   : uart.obj (.text:UARTEnable)
                  000010bc    00000012                   : gpio.obj (.text:GPIOPinTypeUART)
                  000010ce    0000000e     rtsv7M4_T_le_v4SPD16_eabi.lib : copy_decompress_none.c.obj (.text:decompress:none:__TI_decompress_none)
                  000010dc    0000000c     tm4c123gh6pm_startup_ccs.obj (.text)
                  000010e8    0000000a     driverlib.lib : uart.obj (.text:UARTCharGet)
                  000010f2    0000000a                   : uart.obj (.text:UARTCharPut)
                  000010fc    00000008                   : uart.obj (.text:UARTIntEnable)
                  00001104    00000006                   : sysctl.obj (.text:SysCtlDelay)
                  0000110a    00000006                   : uart.obj (.text:UARTClockSourceSet)
                  00001110    00000004     rtsv7M4_T_le_v4SPD16_eabi.lib : pre_init.c.obj (.text:_system_pre_init)
                  00001114    00000004                                   : exit.c.obj (.text:abort:abort)

.const     0    00001118    0000019c     
                  00001118    00000090     driverlib.lib : gpio.obj (.const:g_pui32GPIOBaseAddrs)
                  000011a8    00000070                   : interrupt.obj (.const)
                  00001218    0000006c                   : sysctl.obj (.const:g_pui32Xtals)
                  00001284    00000012     uartstdio.obj (.const:.string)
                  00001296    00000002     --HOLE-- [fill = 0]
                  00001298    0000000c     uartstdio.obj (.const:g_ui32UARTBase)
                  000012a4    0000000c     uartstdio.obj (.const:g_ui32UARTPeriph)
                  000012b0    00000004     uartstdio.obj (.const)

.cinit     0    000012b8    00000018     
                  000012b8    00000008     (__TI_handler_table)
                  000012c0    00000007     (.cinit..data.load) [load image, compression = lzss]
                  000012c7    00000001     --HOLE-- [fill = 0]
                  000012c8    00000008     (__TI_cinit_table)

.init_array 
*          0    00000000    00000000     UNINITIALIZED

.data      0    20000200    00000005     UNINITIALIZED
                  20000200    00000005     uartstdio.obj (.data)

.stack     0    20000000    00000200     UNINITIALIZED
                  20000000    00000004     rtsv7M4_T_le_v4SPD16_eabi.lib : boot_cortex_m.c.obj (.stack)
                  20000004    000001fc     --HOLE--

MODULE SUMMARY

       Module                         code   ro data   rw data
       ------                         ----   -------   -------
    .\
       tm4c123gh6pm_startup_ccs.obj   12     620       0      
       main.obj                       64     0         0      
    +--+------------------------------+------+---------+---------+
       Total:                         76     620       0      
                                                              
    .\syscfg\
       pinout.obj                     52     0         0      
    +--+------------------------------+------+---------+---------+
       Total:                         52     0         0      
                                                              
    .\user_init\
       uartstdio.obj                  1180   46        5      
       InitUART.obj                   520    0         0      
       delay.obj                      80     0         0      
       InitSysCtl.obj                 48     0         0      
    +--+------------------------------+------+---------+---------+
       Total:                         1828   46        5      
                                                              
    C:/ti/TivaWare_C_Series-2.1.4.178/driverlib/ccs/Debug/driverlib.lib
       sysctl.obj                     630    108       0      
       gpio.obj                       438    144       0      
       interrupt.obj                  104    112       0      
       uart.obj                       156    0         0      
    +--+------------------------------+------+---------+---------+
       Total:                         1328   364       0      
                                                              
    C:\ti\ccs901\ccs\tools\compiler\ti-cgt-arm_18.12.4.LTS\lib\rtsv7M4_T_le_v4SPD16_eabi.lib
       memcpy_t2.asm.obj              156    0         0      
       copy_decompress_lzss.c.obj     104    0         0      
       autoinit.c.obj                 68     0         0      
       u_divt2.asm.obj                64     0         0      
       boot_cortex_m.c.obj            52     0         0      
       copy_decompress_none.c.obj     14     0         0      
       exit.c.obj                     4      0         0      
       pre_init.c.obj                 4      0         0      
       div0.asm.obj                   2      0         0      
    +--+------------------------------+------+---------+---------+
       Total:                         468    0         0      
                                                              
       Stack:                         0      0         512    
       Linker Generated:              0      23        0      
    +--+------------------------------+------+---------+---------+
       Grand Total:                   3752   1053      517    


LINKER GENERATED COPY TABLES

__TI_cinit_table @ 000012c8 records: 1, size/record: 8, table size: 8
	.data: load addr=000012c0, load size=00000007 bytes, run addr=20000200, run size=00000005 bytes, compression=lzss


LINKER GENERATED HANDLER TABLE

__TI_handler_table @ 000012b8 records: 2, size/record: 4, table size: 8
	index: 0, handler: __TI_decompress_lzss
	index: 1, handler: __TI_decompress_none


GLOBAL SYMBOLS: SORTED ALPHABETICALLY BY Name 

address   name                          
-------   ----                          
00001115  C$$EXIT                       
00000869  Float2UART                    
0000105d  GPIODirModeSet                
00000911  GPIOPadConfigSet              
00000e05  GPIOPinConfigure              
000010bd  GPIOPinTypeUART               
0000102d  Init_SysCtl                   
00000709  Init_UART0                    
00000735  Init_UART1                    
00000761  Init_UART2                    
0000078d  Init_UART3                    
000007b9  Init_UART4                    
000007e5  Init_UART5                    
00000811  Init_UART6                    
0000083d  Init_UART7                    
00000ce5  IntEnable                     
00000ff9  PinoutSet                     
000010dd  ResetISR                      
00000a45  SysCtlClockGet                
00000b55  SysCtlClockSet                
00001105  SysCtlDelay                   
00000f91  SysCtlPeripheralEnable        
00000f59  SysCtlPeripheralPresent       
000010e9  UARTCharGet                   
000010f3  UARTCharPut                   
0000110b  UARTClockSourceSet            
00000e4d  UARTConfigSetExpClk           
00001089  UARTDisable                   
000010a9  UARTEnable                    
000010fd  UARTIntEnable                 
0000026d  UARTStdioConfig               
000003b3  UARTgetc                      
000002f9  UARTgets                      
000006d3  UARTprintf                    
000003d9  UARTvprintf                   
000002b3  UARTwrite                     
20000200  __STACK_END                   
00000200  __STACK_SIZE                  
20000200  __STACK_TOP                   
000012c8  __TI_CINIT_Base               
000012d0  __TI_CINIT_Limit              
000012b8  __TI_Handler_Table_Base       
000012c0  __TI_Handler_Table_Limit      
00000e95  __TI_auto_init_nobinit_nopinit
00000d4d  __TI_decompress_lzss          
000010cf  __TI_decompress_none          
ffffffff  __TI_pprof_out_hndl           
ffffffff  __TI_prof_data_size           
ffffffff  __TI_prof_data_start          
00000000  __TI_static_base__            
00000a43  __aeabi_idiv0                 
00000a43  __aeabi_ldiv0                 
00000c49  __aeabi_memcpy                
00000c49  __aeabi_memcpy4               
00000c49  __aeabi_memcpy8               
00000f19  __aeabi_uidiv                 
00000f19  __aeabi_uidivmod              
ffffffff  __binit__                     
ffffffff  __c_args__                    
UNDEFED   __mpu_init                    
20000000  __stack                       
00000fc5  _c_int00_noargs               
UNDEFED   _system_post_cinit            
00001111  _system_pre_init              
00001115  abort                         
ffffffff  binit                         
00000dcd  delay_ms                      
00000de7  delay_s                       
00000db5  delay_us                      
00000000  g_pfnVectors                  
00000ed9  main                          
00000c49  memcpy                        


GLOBAL SYMBOLS: SORTED BY Symbol Address 

address   name                          
-------   ----                          
00000000  __TI_static_base__            
00000000  g_pfnVectors                  
00000200  __STACK_SIZE                  
0000026d  UARTStdioConfig               
000002b3  UARTwrite                     
000002f9  UARTgets                      
000003b3  UARTgetc                      
000003d9  UARTvprintf                   
000006d3  UARTprintf                    
00000709  Init_UART0                    
00000735  Init_UART1                    
00000761  Init_UART2                    
0000078d  Init_UART3                    
000007b9  Init_UART4                    
000007e5  Init_UART5                    
00000811  Init_UART6                    
0000083d  Init_UART7                    
00000869  Float2UART                    
00000911  GPIOPadConfigSet              
00000a43  __aeabi_idiv0                 
00000a43  __aeabi_ldiv0                 
00000a45  SysCtlClockGet                
00000b55  SysCtlClockSet                
00000c49  __aeabi_memcpy                
00000c49  __aeabi_memcpy4               
00000c49  __aeabi_memcpy8               
00000c49  memcpy                        
00000ce5  IntEnable                     
00000d4d  __TI_decompress_lzss          
00000db5  delay_us                      
00000dcd  delay_ms                      
00000de7  delay_s                       
00000e05  GPIOPinConfigure              
00000e4d  UARTConfigSetExpClk           
00000e95  __TI_auto_init_nobinit_nopinit
00000ed9  main                          
00000f19  __aeabi_uidiv                 
00000f19  __aeabi_uidivmod              
00000f59  SysCtlPeripheralPresent       
00000f91  SysCtlPeripheralEnable        
00000fc5  _c_int00_noargs               
00000ff9  PinoutSet                     
0000102d  Init_SysCtl                   
0000105d  GPIODirModeSet                
00001089  UARTDisable                   
000010a9  UARTEnable                    
000010bd  GPIOPinTypeUART               
000010cf  __TI_decompress_none          
000010dd  ResetISR                      
000010e9  UARTCharGet                   
000010f3  UARTCharPut                   
000010fd  UARTIntEnable                 
00001105  SysCtlDelay                   
0000110b  UARTClockSourceSet            
00001111  _system_pre_init              
00001115  C$$EXIT                       
00001115  abort                         
000012b8  __TI_Handler_Table_Base       
000012c0  __TI_Handler_Table_Limit      
000012c8  __TI_CINIT_Base               
000012d0  __TI_CINIT_Limit              
20000000  __stack                       
20000200  __STACK_END                   
20000200  __STACK_TOP                   
ffffffff  __TI_pprof_out_hndl           
ffffffff  __TI_prof_data_size           
ffffffff  __TI_prof_data_start          
ffffffff  __binit__                     
ffffffff  __c_args__                    
ffffffff  binit                         
UNDEFED   __mpu_init                    
UNDEFED   _system_post_cinit            

[72 symbols]
