******************************************************************************
                  TI ARM Linker PC v18.12.4                    
******************************************************************************
>> Linked Sat Feb  8 14:04:32 2020

OUTPUT FILE NAME:   <20P10_COMPARATOR.out>
ENTRY POINT SYMBOL: "_c_int00_noargs"  address: 000007c9


MEMORY CONFIGURATION

         name            origin    length      used     unused   attr    fill
----------------------  --------  ---------  --------  --------  ----  --------
  FLASH                 00000000   00040000  000009c4  0003f63c  R  X
  SRAM                  20000000   00008000  0000046d  00007b93  RW X


SEGMENT ALLOCATION MAP

run origin  load origin   length   init length attrs members
----------  ----------- ---------- ----------- ----- -------
00000000    00000000    000009c4   000009c4    r-x
  00000000    00000000    0000026c   0000026c    r-- .intvecs
  0000026c    0000026c    000006c4   000006c4    r-x .text
  00000930    00000930    00000070   00000070    r-- .const
  000009a0    000009a0    00000024   00000024    r-- .cinit
20000000    20000000    00000470   00000000    rw-
  20000000    20000000    0000026c   00000000    rw- .vtable
  2000026c    2000026c    00000001   00000000    rw- .bss
  20000270    20000270    00000200   00000000    rw- .stack


SECTION ALLOCATION MAP

 output                                  attributes/
section   page    origin      length       input sections
--------  ----  ----------  ----------   ----------------
.intvecs   0    00000000    0000026c     
                  00000000    0000026c     tm4c123gh6pm_startup_ccs.obj (.intvecs)

.text      0    0000026c    000006c4     
                  0000026c    00000132     driverlib.lib : gpio.obj (.text:GPIOPadConfigSet)
                  0000039e    00000002     --HOLE-- [fill = 0]
                  000003a0    000000f4                   : sysctl.obj (.text:SysCtlClockSet)
                  00000494    000000b8     InitLED.obj (.text)
                  0000054c    0000009c     main.obj (.text)
                  000005e8    00000068     driverlib.lib : interrupt.obj (.text:IntEnable)
                  00000650    00000050     InitComparator.obj (.text)
                  000006a0    00000044     InitSysCtl.obj (.text)
                  000006e4    00000044     rtsv7M4_T_le_v4SPD16_eabi.lib : autoinit.c.obj (.text:__TI_auto_init_nobinit_nopinit:__TI_auto_init_nobinit_nopinit)
                  00000728    00000038     driverlib.lib : sysctl.obj (.text:SysCtlPeripheralReady)
                  00000760    00000034                   : interrupt.obj (.text:IntRegister)
                  00000794    00000034                   : sysctl.obj (.text:SysCtlPeripheralEnable)
                  000007c8    00000034     rtsv7M4_T_le_v4SPD16_eabi.lib : boot_cortex_m.c.obj (.text:_c_int00_noargs:_c_int00_noargs)
                  000007fc    0000002a     driverlib.lib : gpio.obj (.text:GPIODirModeSet)
                  00000826    00000026                   : comp.obj (.text:ComparatorIntRegister)
                  0000084c    0000001c     rtsv7M4_T_le_v4SPD16_eabi.lib : copy_zero_init.c.obj (.text:decompress:ZI:__TI_zero_init_nomemset:__TI_zero_init_nomemset)
                  00000868    0000001c     pinout.obj (.text)
                  00000884    00000018     driverlib.lib : gpio.obj (.text:GPIOPinTypeGPIOOutput)
                  0000089c    00000012                   : gpio.obj (.text:GPIOPinTypeComparator)
                  000008ae    00000010                   : interrupt.obj (.text:IntMasterDisable)
                  000008be    00000010                   : interrupt.obj (.text:IntMasterEnable)
                  000008ce    0000000e                   : comp.obj (.text:ComparatorIntEnable)
                  000008dc    0000000c                   : cpu.obj (.text:CPUcpsid)
                  000008e8    0000000c                   : cpu.obj (.text:CPUcpsie)
                  000008f4    0000000c                   : comp.obj (.text:ComparatorValueGet)
                  00000900    0000000c     tm4c123gh6pm_startup_ccs.obj (.text)
                  0000090c    0000000a     driverlib.lib : comp.obj (.text:ComparatorIntClear)
                  00000916    00000008                   : comp.obj (.text:ComparatorConfigure)
                  0000091e    00000006                   : sysctl.obj (.text:SysCtlDelay)
                  00000924    00000004                   : comp.obj (.text:ComparatorRefSet)
                  00000928    00000004     rtsv7M4_T_le_v4SPD16_eabi.lib : pre_init.c.obj (.text:_system_pre_init)
                  0000092c    00000004                                   : exit.c.obj (.text:abort:abort)

.const     0    00000930    00000070     
                  00000930    00000070     driverlib.lib : interrupt.obj (.const)

.cinit     0    000009a0    00000024     
                  000009a0    00000008     (.cinit..bss.load) [load image, compression = zero_init]
                  000009a8    00000008     (.cinit..vtable.load) [load image, compression = zero_init]
                  000009b0    00000004     (__TI_handler_table)
                  000009b4    00000010     (__TI_cinit_table)

.init_array 
*          0    00000000    00000000     UNINITIALIZED

.vtable    0    20000000    0000026c     UNINITIALIZED
                  20000000    0000026c     driverlib.lib : interrupt.obj (.vtable)

.bss       0    2000026c    00000001     UNINITIALIZED
                  2000026c    00000001     (.common:Comp_out)

.stack     0    20000270    00000200     UNINITIALIZED
                  20000270    00000004     rtsv7M4_T_le_v4SPD16_eabi.lib : boot_cortex_m.c.obj (.stack)
                  20000274    000001fc     --HOLE--

MODULE SUMMARY

       Module                         code   ro data   rw data
       ------                         ----   -------   -------
    .\
       tm4c123gh6pm_startup_ccs.obj   12     620       0      
       main.obj                       156    0         1      
    +--+------------------------------+------+---------+---------+
       Total:                         168    620       1      
                                                              
    .\syscfg\
       pinout.obj                     28     0         0      
    +--+------------------------------+------+---------+---------+
       Total:                         28     0         0      
                                                              
    .\user_init\
       InitLED.obj                    184    0         0      
       InitComparator.obj             80     0         0      
       InitSysCtl.obj                 68     0         0      
    +--+------------------------------+------+---------+---------+
       Total:                         332    0         0      
                                                              
    C:/ti/TivaWare_C_Series-2.1.4.178/driverlib/ccs/Debug/driverlib.lib
       interrupt.obj                  188    112       620    
       gpio.obj                       390    0         0      
       sysctl.obj                     358    0         0      
       comp.obj                       86     0         0      
       cpu.obj                        24     0         0      
    +--+------------------------------+------+---------+---------+
       Total:                         1046   112       620    
                                                              
    C:\ti\ccs901\ccs\tools\compiler\ti-cgt-arm_18.12.4.LTS\lib\rtsv7M4_T_le_v4SPD16_eabi.lib
       autoinit.c.obj                 68     0         0      
       boot_cortex_m.c.obj            52     0         0      
       copy_zero_init.c.obj           28     0         0      
       exit.c.obj                     4      0         0      
       pre_init.c.obj                 4      0         0      
    +--+------------------------------+------+---------+---------+
       Total:                         156    0         0      
                                                              
       Stack:                         0      0         512    
       Linker Generated:              0      36        0      
    +--+------------------------------+------+---------+---------+
       Grand Total:                   1730   768       1133   


LINKER GENERATED COPY TABLES

__TI_cinit_table @ 000009b4 records: 2, size/record: 8, table size: 16
	.bss: load addr=000009a0, load size=00000008 bytes, run addr=2000026c, run size=00000001 bytes, compression=zero_init
	.vtable: load addr=000009a8, load size=00000008 bytes, run addr=20000000, run size=0000026c bytes, compression=zero_init


LINKER GENERATED HANDLER TABLE

__TI_handler_table @ 000009b0 records: 1, size/record: 4, table size: 4
	index: 0, handler: __TI_zero_init


GLOBAL SYMBOLS: SORTED ALPHABETICALLY BY Name 

address   name                          
-------   ----                          
0000092d  C$$EXIT                       
000008dd  CPUcpsid                      
000008e9  CPUcpsie                      
2000026c  Comp_out                      
00000917  ComparatorConfigure           
0000090d  ComparatorIntClear            
000008cf  ComparatorIntEnable           
00000827  ComparatorIntRegister         
00000925  ComparatorRefSet              
000008f5  ComparatorValueGet            
000007fd  GPIODirModeSet                
0000026d  GPIOPadConfigSet              
0000089d  GPIOPinTypeComparator         
00000885  GPIOPinTypeGPIOOutput         
00000539  Init_B                        
00000651  Init_Comparator0              
0000052d  Init_G                        
00000495  Init_Led                      
00000521  Init_R                        
000006a1  Init_SysCtl                   
000005bd  IntComparator0Handler         
000005e9  IntEnable                     
000008af  IntMasterDisable              
000008bf  IntMasterEnable               
00000761  IntRegister                   
00000869  PinoutSet                     
00000901  ResetISR                      
000003a1  SysCtlClockSet                
0000091f  SysCtlDelay                   
00000795  SysCtlPeripheralEnable        
00000729  SysCtlPeripheralReady         
20000470  __STACK_END                   
00000200  __STACK_SIZE                  
20000470  __STACK_TOP                   
000009b4  __TI_CINIT_Base               
000009c4  __TI_CINIT_Limit              
000009b0  __TI_Handler_Table_Base       
000009b4  __TI_Handler_Table_Limit      
000006e5  __TI_auto_init_nobinit_nopinit
ffffffff  __TI_pprof_out_hndl           
ffffffff  __TI_prof_data_size           
ffffffff  __TI_prof_data_start          
00000000  __TI_static_base__            
0000084d  __TI_zero_init_nomemset       
ffffffff  __binit__                     
ffffffff  __c_args__                    
UNDEFED   __mpu_init                    
20000270  __stack                       
000007c9  _c_int00_noargs               
UNDEFED   _system_post_cinit            
00000929  _system_pre_init              
0000092d  abort                         
ffffffff  binit                         
20000000  g_pfnRAMVectors               
00000000  g_pfnVectors                  
00000589  main                          
0000054d  main1                         


GLOBAL SYMBOLS: SORTED BY Symbol Address 

address   name                          
-------   ----                          
00000000  __TI_static_base__            
00000000  g_pfnVectors                  
00000200  __STACK_SIZE                  
0000026d  GPIOPadConfigSet              
000003a1  SysCtlClockSet                
00000495  Init_Led                      
00000521  Init_R                        
0000052d  Init_G                        
00000539  Init_B                        
0000054d  main1                         
00000589  main                          
000005bd  IntComparator0Handler         
000005e9  IntEnable                     
00000651  Init_Comparator0              
000006a1  Init_SysCtl                   
000006e5  __TI_auto_init_nobinit_nopinit
00000729  SysCtlPeripheralReady         
00000761  IntRegister                   
00000795  SysCtlPeripheralEnable        
000007c9  _c_int00_noargs               
000007fd  GPIODirModeSet                
00000827  ComparatorIntRegister         
0000084d  __TI_zero_init_nomemset       
00000869  PinoutSet                     
00000885  GPIOPinTypeGPIOOutput         
0000089d  GPIOPinTypeComparator         
000008af  IntMasterDisable              
000008bf  IntMasterEnable               
000008cf  ComparatorIntEnable           
000008dd  CPUcpsid                      
000008e9  CPUcpsie                      
000008f5  ComparatorValueGet            
00000901  ResetISR                      
0000090d  ComparatorIntClear            
00000917  ComparatorConfigure           
0000091f  SysCtlDelay                   
00000925  ComparatorRefSet              
00000929  _system_pre_init              
0000092d  C$$EXIT                       
0000092d  abort                         
000009b0  __TI_Handler_Table_Base       
000009b4  __TI_CINIT_Base               
000009b4  __TI_Handler_Table_Limit      
000009c4  __TI_CINIT_Limit              
20000000  g_pfnRAMVectors               
2000026c  Comp_out                      
20000270  __stack                       
20000470  __STACK_END                   
20000470  __STACK_TOP                   
ffffffff  __TI_pprof_out_hndl           
ffffffff  __TI_prof_data_size           
ffffffff  __TI_prof_data_start          
ffffffff  __binit__                     
ffffffff  __c_args__                    
ffffffff  binit                         
UNDEFED   __mpu_init                    
UNDEFED   _system_post_cinit            

[57 symbols]
