******************************************************************************
                  TI ARM Linker PC v18.12.4                    
******************************************************************************
>> Linked Fri Jan 24 03:26:30 2020

OUTPUT FILE NAME:   <20P11_SYSTICK.out>
ENTRY POINT SYMBOL: "_c_int00_noinit_noargs"  address: 000006fd


MEMORY CONFIGURATION

         name            origin    length      used     unused   attr    fill
----------------------  --------  ---------  --------  --------  ----  --------
  FLASH                 00000000   00040000  000007ae  0003f852  R  X
  SRAM                  20000000   00008000  00000200  00007e00  RW X


SEGMENT ALLOCATION MAP

run origin  load origin   length   init length attrs members
----------  ----------- ---------- ----------- ----- -------
00000000    00000000    000007ae   000007ae    r-x
  00000000    00000000    0000026c   0000026c    r-- .intvecs
  0000026c    0000026c    00000542   00000542    r-x .text
20000000    20000000    00000200   00000000    rw-
  20000000    20000000    00000200   00000000    rw- .stack


SECTION ALLOCATION MAP

 output                                  attributes/
section   page    origin      length       input sections
--------  ----  ----------  ----------   ----------------
.intvecs   0    00000000    0000026c     
                  00000000    0000026c     tm4c123gh6pm_startup_ccs.obj (.intvecs)

.text      0    0000026c    00000542     
                  0000026c    00000132     driverlib.lib : gpio.obj (.text:GPIOPadConfigSet)
                  0000039e    00000002     --HOLE-- [fill = 0]
                  000003a0    00000114     InitSysTick.obj (.text)
                  000004b4    000000f4     driverlib.lib : sysctl.obj (.text:SysCtlClockSet)
                  000005a8    000000b8     InitLED.obj (.text)
                  00000660    00000038     driverlib.lib : sysctl.obj (.text:SysCtlPeripheralReady)
                  00000698    00000034                   : sysctl.obj (.text:SysCtlPeripheralEnable)
                  000006cc    00000030     InitSysCtl.obj (.text)
                  000006fc    0000002c     rtsv7M4_T_le_v4SPD16_eabi.lib : boot_cortex_m.c.obj (.text:_c_int00_noinit_noargs:_c_int00_noinit_noargs)
                  00000728    0000002a     driverlib.lib : gpio.obj (.text:GPIODirModeSet)
                  00000752    00000002     --HOLE-- [fill = 0]
                  00000754    00000028     main.obj (.text)
                  0000077c    00000018     driverlib.lib : gpio.obj (.text:GPIOPinTypeGPIOOutput)
                  00000794    0000000c     tm4c123gh6pm_startup_ccs.obj (.text)
                  000007a0    00000006     driverlib.lib : sysctl.obj (.text:SysCtlDelay)
                  000007a6    00000004     rtsv7M4_T_le_v4SPD16_eabi.lib : pre_init.c.obj (.text:_system_pre_init)
                  000007aa    00000004                                   : exit.c.obj (.text:abort:abort)

.cinit     0    00000000    00000000     UNINITIALIZED

.init_array 
*          0    00000000    00000000     UNINITIALIZED

.stack     0    20000000    00000200     UNINITIALIZED
                  20000000    00000004     rtsv7M4_T_le_v4SPD16_eabi.lib : boot_cortex_m.c.obj (.stack)
                  20000004    000001fc     --HOLE--

MODULE SUMMARY

       Module                         code   ro data   rw data
       ------                         ----   -------   -------
    .\
       tm4c123gh6pm_startup_ccs.obj   12     620       0      
       main.obj                       40     0         0      
    +--+------------------------------+------+---------+---------+
       Total:                         52     620       0      
                                                              
    .\user_init\
       InitSysTick.obj                276    0         0      
       InitLED.obj                    184    0         0      
       InitSysCtl.obj                 48     0         0      
    +--+------------------------------+------+---------+---------+
       Total:                         508    0         0      
                                                              
    C:/ti/TivaWare_C_Series-2.1.4.178/driverlib/ccs/Debug/driverlib.lib
       gpio.obj                       372    0         0      
       sysctl.obj                     358    0         0      
    +--+------------------------------+------+---------+---------+
       Total:                         730    0         0      
                                                              
    C:\ti\ccs901\ccs\tools\compiler\ti-cgt-arm_18.12.4.LTS\lib\rtsv7M4_T_le_v4SPD16_eabi.lib
       boot_cortex_m.c.obj            44     0         0      
       exit.c.obj                     4      0         0      
       pre_init.c.obj                 4      0         0      
    +--+------------------------------+------+---------+---------+
       Total:                         52     0         0      
                                                              
       Stack:                         0      0         512    
    +--+------------------------------+------+---------+---------+
       Grand Total:                   1342   620       512    


GLOBAL SYMBOLS: SORTED ALPHABETICALLY BY Name 

address   name                  
-------   ----                  
000007ab  C$$EXIT               
00000729  GPIODirModeSet        
0000026d  GPIOPadConfigSet      
0000077d  GPIOPinTypeGPIOOutput 
0000064d  Init_B                
00000641  Init_G                
000005a9  Init_Led              
00000635  Init_R                
000006cd  Init_SysCtl           
000003a1  Init_SysTick          
00000795  ResetISR              
000004b5  SysCtlClockSet        
000007a1  SysCtlDelay           
00000699  SysCtlPeripheralEnable
00000661  SysCtlPeripheralReady 
000003bd  SysTick_Wait          
0000047d  SysTick_Wait1h        
00000457  SysTick_Wait1m        
00000409  SysTick_Wait1ms       
0000042f  SysTick_Wait1s        
000003e3  SysTick_Wait1us       
20000200  __STACK_END           
00000200  __STACK_SIZE          
20000200  __STACK_TOP           
ffffffff  __TI_pprof_out_hndl   
ffffffff  __TI_prof_data_size   
ffffffff  __TI_prof_data_start  
00000000  __TI_static_base__    
ffffffff  __binit__             
ffffffff  __c_args__            
UNDEFED   __mpu_init            
20000000  __stack               
000006fd  _c_int00_noinit_noargs
000007a7  _system_pre_init      
000007ab  abort                 
ffffffff  binit                 
00000000  g_pfnVectors          
00000755  main                  


GLOBAL SYMBOLS: SORTED BY Symbol Address 

address   name                  
-------   ----                  
00000000  __TI_static_base__    
00000000  g_pfnVectors          
00000200  __STACK_SIZE          
0000026d  GPIOPadConfigSet      
000003a1  Init_SysTick          
000003bd  SysTick_Wait          
000003e3  SysTick_Wait1us       
00000409  SysTick_Wait1ms       
0000042f  SysTick_Wait1s        
00000457  SysTick_Wait1m        
0000047d  SysTick_Wait1h        
000004b5  SysCtlClockSet        
000005a9  Init_Led              
00000635  Init_R                
00000641  Init_G                
0000064d  Init_B                
00000661  SysCtlPeripheralReady 
00000699  SysCtlPeripheralEnable
000006cd  Init_SysCtl           
000006fd  _c_int00_noinit_noargs
00000729  GPIODirModeSet        
00000755  main                  
0000077d  GPIOPinTypeGPIOOutput 
00000795  ResetISR              
000007a1  SysCtlDelay           
000007a7  _system_pre_init      
000007ab  C$$EXIT               
000007ab  abort                 
20000000  __stack               
20000200  __STACK_END           
20000200  __STACK_TOP           
ffffffff  __TI_pprof_out_hndl   
ffffffff  __TI_prof_data_size   
ffffffff  __TI_prof_data_start  
ffffffff  __binit__             
ffffffff  __c_args__            
ffffffff  binit                 
UNDEFED   __mpu_init            

[38 symbols]
