<?xml version="1.0" encoding="ISO-8859-1" ?>
<link_info>
   <banner>TI ARM Linker PC v18.12.4.LTS</banner>
   <copyright>Copyright (c) 1996-2018 Texas Instruments Incorporated</copyright>
   <link_time>0x5e2b216e</link_time>
   <link_errors>0x0</link_errors>
   <output_file>20P05_SPI.out</output_file>
   <entry_point>
      <name>_c_int00_noargs</name>
      <address>0xaf5</address>
   </entry_point>
   <input_file_list>
      <input_file id="fl-2">
         <path>.\syscfg\</path>
         <kind>object</kind>
         <file>pinout.obj</file>
         <name>pinout.obj</name>
      </input_file>
      <input_file id="fl-3">
         <path>.\</path>
         <kind>object</kind>
         <file>main.obj</file>
         <name>main.obj</name>
      </input_file>
      <input_file id="fl-4">
         <path>.\</path>
         <kind>object</kind>
         <file>tm4c123gh6pm_startup_ccs.obj</file>
         <name>tm4c123gh6pm_startup_ccs.obj</name>
      </input_file>
      <input_file id="fl-5">
         <path>.\user_init\</path>
         <kind>object</kind>
         <file>InitADC.obj</file>
         <name>InitADC.obj</name>
      </input_file>
      <input_file id="fl-6">
         <path>.\user_init\</path>
         <kind>object</kind>
         <file>InitFPU.obj</file>
         <name>InitFPU.obj</name>
      </input_file>
      <input_file id="fl-7">
         <path>.\user_init\</path>
         <kind>object</kind>
         <file>InitGPIO.obj</file>
         <name>InitGPIO.obj</name>
      </input_file>
      <input_file id="fl-8">
         <path>.\user_init\</path>
         <kind>object</kind>
         <file>InitI2C.obj</file>
         <name>InitI2C.obj</name>
      </input_file>
      <input_file id="fl-9">
         <path>.\user_init\</path>
         <kind>object</kind>
         <file>InitLED.obj</file>
         <name>InitLED.obj</name>
      </input_file>
      <input_file id="fl-a">
         <path>.\user_init\</path>
         <kind>object</kind>
         <file>InitPWM.obj</file>
         <name>InitPWM.obj</name>
      </input_file>
      <input_file id="fl-b">
         <path>.\user_init\</path>
         <kind>object</kind>
         <file>InitSSI.obj</file>
         <name>InitSSI.obj</name>
      </input_file>
      <input_file id="fl-c">
         <path>.\user_init\</path>
         <kind>object</kind>
         <file>InitSysCtl.obj</file>
         <name>InitSysCtl.obj</name>
      </input_file>
      <input_file id="fl-d">
         <path>.\user_init\</path>
         <kind>object</kind>
         <file>InitSysTick.obj</file>
         <name>InitSysTick.obj</name>
      </input_file>
      <input_file id="fl-e">
         <path>.\user_init\</path>
         <kind>object</kind>
         <file>InitTimer.obj</file>
         <name>InitTimer.obj</name>
      </input_file>
      <input_file id="fl-f">
         <path>.\user_init\</path>
         <kind>object</kind>
         <file>InitUART.obj</file>
         <name>InitUART.obj</name>
      </input_file>
      <input_file id="fl-10">
         <path>.\user_init\</path>
         <kind>object</kind>
         <file>delay.obj</file>
         <name>delay.obj</name>
      </input_file>
      <input_file id="fl-11">
         <path>.\user_init\</path>
         <kind>object</kind>
         <file>uartstdio.obj</file>
         <name>uartstdio.obj</name>
      </input_file>
      <input_file id="fl-17">
         <kind>object</kind>
         <file>&lt;internal&gt;</file>
         <name>&lt;internal&gt;</name>
      </input_file>
      <input_file id="fl-cd">
         <path>C:\ti\ccs901\ccs\tools\compiler\ti-cgt-arm_18.12.4.LTS\lib\</path>
         <kind>archive</kind>
         <file>rtsv7M4_T_le_v4SPD16_eabi.lib</file>
         <name>u_divt2.asm.obj</name>
      </input_file>
      <input_file id="fl-ce">
         <path>C:\ti\ccs901\ccs\tools\compiler\ti-cgt-arm_18.12.4.LTS\lib\</path>
         <kind>archive</kind>
         <file>rtsv7M4_T_le_v4SPD16_eabi.lib</file>
         <name>copy_zero_init.c.obj</name>
      </input_file>
      <input_file id="fl-cf">
         <path>C:\ti\ccs901\ccs\tools\compiler\ti-cgt-arm_18.12.4.LTS\lib\</path>
         <kind>archive</kind>
         <file>rtsv7M4_T_le_v4SPD16_eabi.lib</file>
         <name>copy_decompress_none.c.obj</name>
      </input_file>
      <input_file id="fl-d0">
         <path>C:\ti\ccs901\ccs\tools\compiler\ti-cgt-arm_18.12.4.LTS\lib\</path>
         <kind>archive</kind>
         <file>rtsv7M4_T_le_v4SPD16_eabi.lib</file>
         <name>copy_decompress_lzss.c.obj</name>
      </input_file>
      <input_file id="fl-d1">
         <path>C:\ti\ccs901\ccs\tools\compiler\ti-cgt-arm_18.12.4.LTS\lib\</path>
         <kind>archive</kind>
         <file>rtsv7M4_T_le_v4SPD16_eabi.lib</file>
         <name>boot_cortex_m.c.obj</name>
      </input_file>
      <input_file id="fl-d2">
         <path>C:\ti\ccs901\ccs\tools\compiler\ti-cgt-arm_18.12.4.LTS\lib\</path>
         <kind>archive</kind>
         <file>rtsv7M4_T_le_v4SPD16_eabi.lib</file>
         <name>div0.asm.obj</name>
      </input_file>
      <input_file id="fl-d3">
         <path>C:\ti\ccs901\ccs\tools\compiler\ti-cgt-arm_18.12.4.LTS\lib\</path>
         <kind>archive</kind>
         <file>rtsv7M4_T_le_v4SPD16_eabi.lib</file>
         <name>memcpy_t2.asm.obj</name>
      </input_file>
      <input_file id="fl-d4">
         <path>C:\ti\ccs901\ccs\tools\compiler\ti-cgt-arm_18.12.4.LTS\lib\</path>
         <kind>archive</kind>
         <file>rtsv7M4_T_le_v4SPD16_eabi.lib</file>
         <name>memset_t2.asm.obj</name>
      </input_file>
      <input_file id="fl-d5">
         <path>C:\ti\ccs901\ccs\tools\compiler\ti-cgt-arm_18.12.4.LTS\lib\</path>
         <kind>archive</kind>
         <file>rtsv7M4_T_le_v4SPD16_eabi.lib</file>
         <name>autoinit.c.obj</name>
      </input_file>
      <input_file id="fl-d6">
         <path>C:\ti\ccs901\ccs\tools\compiler\ti-cgt-arm_18.12.4.LTS\lib\</path>
         <kind>archive</kind>
         <file>rtsv7M4_T_le_v4SPD16_eabi.lib</file>
         <name>pre_init.c.obj</name>
      </input_file>
      <input_file id="fl-d7">
         <path>C:\ti\ccs901\ccs\tools\compiler\ti-cgt-arm_18.12.4.LTS\lib\</path>
         <kind>archive</kind>
         <file>rtsv7M4_T_le_v4SPD16_eabi.lib</file>
         <name>cpy_tbl.c.obj</name>
      </input_file>
      <input_file id="fl-d8">
         <path>C:\ti\ccs901\ccs\tools\compiler\ti-cgt-arm_18.12.4.LTS\lib\</path>
         <kind>archive</kind>
         <file>rtsv7M4_T_le_v4SPD16_eabi.lib</file>
         <name>exit.c.obj</name>
      </input_file>
      <input_file id="fl-d9">
         <path>C:\ti\ccs901\ccs\tools\compiler\ti-cgt-arm_18.12.4.LTS\lib\</path>
         <kind>archive</kind>
         <file>rtsv7M4_T_le_v4SPD16_eabi.lib</file>
         <name>_lock.c.obj</name>
      </input_file>
      <input_file id="fl-da">
         <path>C:\ti\ccs901\ccs\tools\compiler\ti-cgt-arm_18.12.4.LTS\lib\</path>
         <kind>archive</kind>
         <file>rtsv7M4_T_le_v4SPD16_eabi.lib</file>
         <name>args_main.c.obj</name>
      </input_file>
      <input_file id="fl-db">
         <path>C:\ti\TivaWare_C_Series-2.1.4.178\driverlib\ccs\Debug\</path>
         <kind>archive</kind>
         <file>driverlib.lib</file>
         <name>adc.obj</name>
      </input_file>
      <input_file id="fl-dc">
         <path>C:\ti\TivaWare_C_Series-2.1.4.178\driverlib\ccs\Debug\</path>
         <kind>archive</kind>
         <file>driverlib.lib</file>
         <name>gpio.obj</name>
      </input_file>
      <input_file id="fl-dd">
         <path>C:\ti\TivaWare_C_Series-2.1.4.178\driverlib\ccs\Debug\</path>
         <kind>archive</kind>
         <file>driverlib.lib</file>
         <name>i2c.obj</name>
      </input_file>
      <input_file id="fl-de">
         <path>C:\ti\TivaWare_C_Series-2.1.4.178\driverlib\ccs\Debug\</path>
         <kind>archive</kind>
         <file>driverlib.lib</file>
         <name>interrupt.obj</name>
      </input_file>
      <input_file id="fl-df">
         <path>C:\ti\TivaWare_C_Series-2.1.4.178\driverlib\ccs\Debug\</path>
         <kind>archive</kind>
         <file>driverlib.lib</file>
         <name>ssi.obj</name>
      </input_file>
      <input_file id="fl-e0">
         <path>C:\ti\TivaWare_C_Series-2.1.4.178\driverlib\ccs\Debug\</path>
         <kind>archive</kind>
         <file>driverlib.lib</file>
         <name>sysctl.obj</name>
      </input_file>
      <input_file id="fl-e1">
         <path>C:\ti\TivaWare_C_Series-2.1.4.178\driverlib\ccs\Debug\</path>
         <kind>archive</kind>
         <file>driverlib.lib</file>
         <name>timer.obj</name>
      </input_file>
      <input_file id="fl-e2">
         <path>C:\ti\TivaWare_C_Series-2.1.4.178\driverlib\ccs\Debug\</path>
         <kind>archive</kind>
         <file>driverlib.lib</file>
         <name>uart.obj</name>
      </input_file>
      <input_file id="fl-e3">
         <path>C:\ti\TivaWare_C_Series-2.1.4.178\driverlib\ccs\Debug\</path>
         <kind>archive</kind>
         <file>driverlib.lib</file>
         <name>cpu.obj</name>
      </input_file>
   </input_file_list>
   <object_component_list>
      <object_component id="oc-f">
         <name>.intvecs</name>
         <load_address>0x0</load_address>
         <run_address>0x0</run_address>
         <size>0x26c</size>
         <input_file_ref idref="fl-4"/>
      </object_component>
      <object_component id="oc-d2">
         <name>.text</name>
         <load_address>0x26c</load_address>
         <run_address>0x26c</run_address>
         <size>0x144</size>
         <input_file_ref idref="fl-b"/>
      </object_component>
      <object_component id="oc-98">
         <name>.text</name>
         <load_address>0x3b0</load_address>
         <run_address>0x3b0</run_address>
         <size>0x134</size>
         <input_file_ref idref="fl-3"/>
      </object_component>
      <object_component id="oc-1b5">
         <name>.text:GPIOPadConfigSet</name>
         <load_address>0x4e4</load_address>
         <run_address>0x4e4</run_address>
         <size>0x132</size>
         <input_file_ref idref="fl-dc"/>
      </object_component>
      <object_component id="oc-16b">
         <name>.text:SysCtlClockGet</name>
         <load_address>0x618</load_address>
         <run_address>0x618</run_address>
         <size>0x110</size>
         <input_file_ref idref="fl-e0"/>
      </object_component>
      <object_component id="oc-13e">
         <name>.text:SysCtlClockSet</name>
         <load_address>0x728</load_address>
         <run_address>0x728</run_address>
         <size>0xf4</size>
         <input_file_ref idref="fl-e0"/>
      </object_component>
      <object_component id="oc-c6">
         <name>.text</name>
         <load_address>0x81c</load_address>
         <run_address>0x81c</run_address>
         <size>0xb8</size>
         <input_file_ref idref="fl-9"/>
      </object_component>
      <object_component id="oc-cc">
         <name>.text</name>
         <load_address>0x8d4</load_address>
         <run_address>0x8d4</run_address>
         <size>0x58</size>
         <input_file_ref idref="fl-2"/>
      </object_component>
      <object_component id="oc-d8">
         <name>.text</name>
         <load_address>0x92c</load_address>
         <run_address>0x92c</run_address>
         <size>0x50</size>
         <input_file_ref idref="fl-10"/>
      </object_component>
      <object_component id="oc-158">
         <name>.text:GPIOPinConfigure</name>
         <load_address>0x97c</load_address>
         <run_address>0x97c</run_address>
         <size>0x48</size>
         <input_file_ref idref="fl-dc"/>
      </object_component>
      <object_component id="oc-c0">
         <name>.text</name>
         <load_address>0x9c4</load_address>
         <run_address>0x9c4</run_address>
         <size>0x44</size>
         <input_file_ref idref="fl-c"/>
      </object_component>
      <object_component id="oc-10a">
         <name>.text:__TI_auto_init_nobinit_nopinit:__TI_auto_init_nobinit_nopinit</name>
         <load_address>0xa08</load_address>
         <run_address>0xa08</run_address>
         <size>0x44</size>
         <input_file_ref idref="fl-d5"/>
      </object_component>
      <object_component id="oc-171">
         <name>.text:SSIConfigSetExpClk</name>
         <load_address>0xa4c</load_address>
         <run_address>0xa4c</run_address>
         <size>0x3c</size>
         <input_file_ref idref="fl-df"/>
      </object_component>
      <object_component id="oc-14b">
         <name>.text:SysCtlPeripheralReady</name>
         <load_address>0xa88</load_address>
         <run_address>0xa88</run_address>
         <size>0x38</size>
         <input_file_ref idref="fl-e0"/>
      </object_component>
      <object_component id="oc-145">
         <name>.text:SysCtlPeripheralEnable</name>
         <load_address>0xac0</load_address>
         <run_address>0xac0</run_address>
         <size>0x34</size>
         <input_file_ref idref="fl-e0"/>
      </object_component>
      <object_component id="oc-56">
         <name>.text:_c_int00_noargs:_c_int00_noargs</name>
         <load_address>0xaf4</load_address>
         <run_address>0xaf4</run_address>
         <size>0x34</size>
         <input_file_ref idref="fl-d1"/>
      </object_component>
      <object_component id="oc-1bb">
         <name>.text:GPIODirModeSet</name>
         <load_address>0xb28</load_address>
         <run_address>0xb28</run_address>
         <size>0x2a</size>
         <input_file_ref idref="fl-dc"/>
      </object_component>
      <object_component id="oc-44">
         <name>.text:decompress:ZI:__TI_zero_init_nomemset:__TI_zero_init_nomemset</name>
         <load_address>0xb52</load_address>
         <run_address>0xb52</run_address>
         <size>0x1c</size>
         <input_file_ref idref="fl-ce"/>
      </object_component>
      <object_component id="oc-151">
         <name>.text:GPIOPinTypeGPIOOutput</name>
         <load_address>0xb6e</load_address>
         <run_address>0xb6e</run_address>
         <size>0x18</size>
         <input_file_ref idref="fl-dc"/>
      </object_component>
      <object_component id="oc-15e">
         <name>.text:GPIOPinTypeSSI</name>
         <load_address>0xb86</load_address>
         <run_address>0xb86</run_address>
         <size>0x12</size>
         <input_file_ref idref="fl-dc"/>
      </object_component>
      <object_component id="oc-17d">
         <name>.text:SSIDataGetNonBlocking</name>
         <load_address>0xb98</load_address>
         <run_address>0xb98</run_address>
         <size>0x12</size>
         <input_file_ref idref="fl-df"/>
      </object_component>
      <object_component id="oc-ea">
         <name>.text:SSIDataGet</name>
         <load_address>0xbaa</load_address>
         <run_address>0xbaa</run_address>
         <size>0xc</size>
         <input_file_ref idref="fl-df"/>
      </object_component>
      <object_component id="oc-24">
         <name>.text</name>
         <load_address>0xbb6</load_address>
         <run_address>0xbb6</run_address>
         <size>0xc</size>
         <input_file_ref idref="fl-4"/>
      </object_component>
      <object_component id="oc-e4">
         <name>.text:SSIDataPut</name>
         <load_address>0xbc2</load_address>
         <run_address>0xbc2</run_address>
         <size>0xa</size>
         <input_file_ref idref="fl-df"/>
      </object_component>
      <object_component id="oc-165">
         <name>.text:SSIDisable</name>
         <load_address>0xbcc</load_address>
         <run_address>0xbcc</run_address>
         <size>0xa</size>
         <input_file_ref idref="fl-df"/>
      </object_component>
      <object_component id="oc-177">
         <name>.text:SSIEnable</name>
         <load_address>0xbd6</load_address>
         <run_address>0xbd6</run_address>
         <size>0xa</size>
         <input_file_ref idref="fl-df"/>
      </object_component>
      <object_component id="oc-de">
         <name>.text:SSIBusy</name>
         <load_address>0xbe0</load_address>
         <run_address>0xbe0</run_address>
         <size>0x8</size>
         <input_file_ref idref="fl-df"/>
      </object_component>
      <object_component id="oc-184">
         <name>.text:SysCtlDelay</name>
         <load_address>0xbe8</load_address>
         <run_address>0xbe8</run_address>
         <size>0x6</size>
         <input_file_ref idref="fl-e0"/>
      </object_component>
      <object_component id="oc-92">
         <name>.text:_system_pre_init</name>
         <load_address>0xbee</load_address>
         <run_address>0xbee</run_address>
         <size>0x4</size>
         <input_file_ref idref="fl-d6"/>
      </object_component>
      <object_component id="oc-fe">
         <name>.text:abort:abort</name>
         <load_address>0xbf2</load_address>
         <run_address>0xbf2</run_address>
         <size>0x4</size>
         <input_file_ref idref="fl-d8"/>
      </object_component>
      <object_component id="oc-1c3">
         <name>.const:g_pui32GPIOBaseAddrs</name>
         <load_address>0xbf8</load_address>
         <run_address>0xbf8</run_address>
         <size>0x90</size>
         <input_file_ref idref="fl-dc"/>
      </object_component>
      <object_component id="oc-1c9">
         <name>.const:g_pui32Xtals</name>
         <load_address>0xc88</load_address>
         <run_address>0xc88</run_address>
         <size>0x6c</size>
         <input_file_ref idref="fl-e0"/>
      </object_component>
      <object_component id="oc-23a">
         <name>.cinit..bss.load</name>
         <load_address>0xcf8</load_address>
         <run_address>0xcf8</run_address>
         <size>0x8</size>
      </object_component>
      <object_component id="oc-238">
         <name>__TI_handler_table</name>
         <load_address>0xd00</load_address>
         <run_address>0xd00</run_address>
         <size>0x4</size>
      </object_component>
      <object_component id="oc-239">
         <name>__TI_cinit_table</name>
         <load_address>0xd04</load_address>
         <run_address>0xd04</run_address>
         <size>0x8</size>
      </object_component>
      <object_component id="oc-f0">
         <name>.common:xl</name>
         <uninitialized>true</uninitialized>
         <run_address>0x20000204</run_address>
         <size>0x4</size>
      </object_component>
      <object_component id="oc-f3">
         <name>.common:xh</name>
         <uninitialized>true</uninitialized>
         <run_address>0x20000200</run_address>
         <size>0x4</size>
      </object_component>
      <object_component id="oc-f4">
         <name>.common:yl</name>
         <uninitialized>true</uninitialized>
         <run_address>0x2000020c</run_address>
         <size>0x4</size>
      </object_component>
      <object_component id="oc-f5">
         <name>.common:yh</name>
         <uninitialized>true</uninitialized>
         <run_address>0x20000208</run_address>
         <size>0x4</size>
      </object_component>
      <object_component id="oc-f6">
         <name>.common:zl</name>
         <uninitialized>true</uninitialized>
         <run_address>0x20000214</run_address>
         <size>0x4</size>
      </object_component>
      <object_component id="oc-f7">
         <name>.common:zh</name>
         <uninitialized>true</uninitialized>
         <run_address>0x20000210</run_address>
         <size>0x4</size>
      </object_component>
      <object_component id="oc-21">
         <name>.stack</name>
         <uninitialized>true</uninitialized>
         <run_address>0x20000000</run_address>
         <size>0x4</size>
         <input_file_ref idref="fl-d1"/>
      </object_component>
      <object_component id="oc-23b">
         <name>.stack</name>
         <uninitialized>true</uninitialized>
         <run_address>0x20000000</run_address>
         <size>0x0</size>
      </object_component>
      <object_component id="oc-af">
         <name>.debug_info</name>
         <load_address>0x0</load_address>
         <run_address>0x0</run_address>
         <size>0x33a</size>
         <input_file_ref idref="fl-2"/>
      </object_component>
      <object_component id="oc-d0">
         <name>.debug_info</name>
         <load_address>0x33a</load_address>
         <run_address>0x33a</run_address>
         <size>0x210</size>
         <input_file_ref idref="fl-2"/>
      </object_component>
      <object_component id="oc-6d">
         <name>.debug_info</name>
         <load_address>0x54a</load_address>
         <run_address>0x54a</run_address>
         <size>0x26b</size>
         <input_file_ref idref="fl-2"/>
      </object_component>
      <object_component id="oc-33">
         <name>.debug_info</name>
         <load_address>0x7b5</load_address>
         <run_address>0x7b5</run_address>
         <size>0x84</size>
         <input_file_ref idref="fl-2"/>
      </object_component>
      <object_component id="oc-aa">
         <name>.debug_info</name>
         <load_address>0x839</load_address>
         <run_address>0x839</run_address>
         <size>0x297</size>
         <input_file_ref idref="fl-2"/>
      </object_component>
      <object_component id="oc-72">
         <name>.debug_info</name>
         <load_address>0xad0</load_address>
         <run_address>0xad0</run_address>
         <size>0xbb</size>
         <input_file_ref idref="fl-2"/>
      </object_component>
      <object_component id="oc-f1">
         <name>.debug_info</name>
         <load_address>0xb8b</load_address>
         <run_address>0xb8b</run_address>
         <size>0x45a</size>
         <input_file_ref idref="fl-3"/>
      </object_component>
      <object_component id="oc-99">
         <name>.debug_info</name>
         <load_address>0xfe5</load_address>
         <run_address>0xfe5</run_address>
         <size>0x345</size>
         <input_file_ref idref="fl-3"/>
      </object_component>
      <object_component id="oc-f9">
         <name>.debug_info</name>
         <load_address>0x132a</load_address>
         <run_address>0x132a</run_address>
         <size>0x8b</size>
         <input_file_ref idref="fl-3"/>
      </object_component>
      <object_component id="oc-2c">
         <name>.debug_info</name>
         <load_address>0x13b5</load_address>
         <run_address>0x13b5</run_address>
         <size>0x2e2</size>
         <input_file_ref idref="fl-4"/>
      </object_component>
      <object_component id="oc-10">
         <name>.debug_info</name>
         <load_address>0x1697</load_address>
         <run_address>0x1697</run_address>
         <size>0x121</size>
         <input_file_ref idref="fl-4"/>
      </object_component>
      <object_component id="oc-25">
         <name>.debug_info</name>
         <load_address>0x17b8</load_address>
         <run_address>0x17b8</run_address>
         <size>0x29d</size>
         <input_file_ref idref="fl-4"/>
      </object_component>
      <object_component id="oc-c7">
         <name>.debug_info</name>
         <load_address>0x1a55</load_address>
         <run_address>0x1a55</run_address>
         <size>0x69b</size>
         <input_file_ref idref="fl-9"/>
      </object_component>
      <object_component id="oc-d5">
         <name>.debug_info</name>
         <load_address>0x20f0</load_address>
         <run_address>0x20f0</run_address>
         <size>0x837</size>
         <input_file_ref idref="fl-b"/>
      </object_component>
      <object_component id="oc-c1">
         <name>.debug_info</name>
         <load_address>0x2927</load_address>
         <run_address>0x2927</run_address>
         <size>0x2d9</size>
         <input_file_ref idref="fl-c"/>
      </object_component>
      <object_component id="oc-db">
         <name>.debug_info</name>
         <load_address>0x2c00</load_address>
         <run_address>0x2c00</run_address>
         <size>0x530</size>
         <input_file_ref idref="fl-10"/>
      </object_component>
      <object_component id="oc-8b">
         <name>.debug_info</name>
         <load_address>0x3130</load_address>
         <run_address>0x3130</run_address>
         <size>0x2d3</size>
         <input_file_ref idref="fl-ce"/>
      </object_component>
      <object_component id="oc-45">
         <name>.debug_info</name>
         <load_address>0x3403</load_address>
         <run_address>0x3403</run_address>
         <size>0x1d1</size>
         <input_file_ref idref="fl-ce"/>
      </object_component>
      <object_component id="oc-86">
         <name>.debug_info</name>
         <load_address>0x35d4</load_address>
         <run_address>0x35d4</run_address>
         <size>0x46</size>
         <input_file_ref idref="fl-ce"/>
      </object_component>
      <object_component id="oc-b7">
         <name>.debug_info</name>
         <load_address>0x361a</load_address>
         <run_address>0x361a</run_address>
         <size>0x2c</size>
         <input_file_ref idref="fl-ce"/>
      </object_component>
      <object_component id="oc-22">
         <name>.debug_info</name>
         <load_address>0x3646</load_address>
         <run_address>0x3646</run_address>
         <size>0x10a</size>
         <input_file_ref idref="fl-d1"/>
      </object_component>
      <object_component id="oc-59">
         <name>.debug_info</name>
         <load_address>0x3750</load_address>
         <run_address>0x3750</run_address>
         <size>0x1a8</size>
         <input_file_ref idref="fl-d1"/>
      </object_component>
      <object_component id="oc-19c">
         <name>.debug_info</name>
         <load_address>0x38f8</load_address>
         <run_address>0x38f8</run_address>
         <size>0x4b2</size>
         <input_file_ref idref="fl-d5"/>
      </object_component>
      <object_component id="oc-10c">
         <name>.debug_info</name>
         <load_address>0x3daa</load_address>
         <run_address>0x3daa</run_address>
         <size>0x1a5</size>
         <input_file_ref idref="fl-d5"/>
      </object_component>
      <object_component id="oc-1e2">
         <name>.debug_info</name>
         <load_address>0x3f4f</load_address>
         <run_address>0x3f4f</run_address>
         <size>0x39</size>
         <input_file_ref idref="fl-d5"/>
      </object_component>
      <object_component id="oc-205">
         <name>.debug_info</name>
         <load_address>0x3f88</load_address>
         <run_address>0x3f88</run_address>
         <size>0x39</size>
         <input_file_ref idref="fl-d5"/>
      </object_component>
      <object_component id="oc-1e7">
         <name>.debug_info</name>
         <load_address>0x3fc1</load_address>
         <run_address>0x3fc1</run_address>
         <size>0x39</size>
         <input_file_ref idref="fl-d5"/>
      </object_component>
      <object_component id="oc-1ec">
         <name>.debug_info</name>
         <load_address>0x3ffa</load_address>
         <run_address>0x3ffa</run_address>
         <size>0xcd</size>
         <input_file_ref idref="fl-d5"/>
      </object_component>
      <object_component id="oc-96">
         <name>.debug_info</name>
         <load_address>0x40c7</load_address>
         <run_address>0x40c7</run_address>
         <size>0x152</size>
         <input_file_ref idref="fl-d6"/>
      </object_component>
      <object_component id="oc-102">
         <name>.debug_info</name>
         <load_address>0x4219</load_address>
         <run_address>0x4219</run_address>
         <size>0x121</size>
         <input_file_ref idref="fl-d8"/>
      </object_component>
      <object_component id="oc-187">
         <name>.debug_info</name>
         <load_address>0x433a</load_address>
         <run_address>0x433a</run_address>
         <size>0x18b</size>
         <input_file_ref idref="fl-db"/>
      </object_component>
      <object_component id="oc-1c2">
         <name>.debug_info</name>
         <load_address>0x44c5</load_address>
         <run_address>0x44c5</run_address>
         <size>0x240</size>
         <input_file_ref idref="fl-dc"/>
      </object_component>
      <object_component id="oc-1c4">
         <name>.debug_info</name>
         <load_address>0x4705</load_address>
         <run_address>0x4705</run_address>
         <size>0x15b</size>
         <input_file_ref idref="fl-dc"/>
      </object_component>
      <object_component id="oc-1be">
         <name>.debug_info</name>
         <load_address>0x4860</load_address>
         <run_address>0x4860</run_address>
         <size>0x2b3</size>
         <input_file_ref idref="fl-dc"/>
      </object_component>
      <object_component id="oc-1b8">
         <name>.debug_info</name>
         <load_address>0x4b13</load_address>
         <run_address>0x4b13</run_address>
         <size>0x316</size>
         <input_file_ref idref="fl-dc"/>
      </object_component>
      <object_component id="oc-160">
         <name>.debug_info</name>
         <load_address>0x4e29</load_address>
         <run_address>0x4e29</run_address>
         <size>0x279</size>
         <input_file_ref idref="fl-dc"/>
      </object_component>
      <object_component id="oc-153">
         <name>.debug_info</name>
         <load_address>0x50a2</load_address>
         <run_address>0x50a2</run_address>
         <size>0x2b7</size>
         <input_file_ref idref="fl-dc"/>
      </object_component>
      <object_component id="oc-15a">
         <name>.debug_info</name>
         <load_address>0x5359</load_address>
         <run_address>0x5359</run_address>
         <size>0x280</size>
         <input_file_ref idref="fl-dc"/>
      </object_component>
      <object_component id="oc-18c">
         <name>.debug_info</name>
         <load_address>0x55d9</load_address>
         <run_address>0x55d9</run_address>
         <size>0x21c</size>
         <input_file_ref idref="fl-df"/>
      </object_component>
      <object_component id="oc-178">
         <name>.debug_info</name>
         <load_address>0x57f5</load_address>
         <run_address>0x57f5</run_address>
         <size>0x242</size>
         <input_file_ref idref="fl-df"/>
      </object_component>
      <object_component id="oc-166">
         <name>.debug_info</name>
         <load_address>0x5a37</load_address>
         <run_address>0x5a37</run_address>
         <size>0x244</size>
         <input_file_ref idref="fl-df"/>
      </object_component>
      <object_component id="oc-e5">
         <name>.debug_info</name>
         <load_address>0x5c7b</load_address>
         <run_address>0x5c7b</run_address>
         <size>0x276</size>
         <input_file_ref idref="fl-df"/>
      </object_component>
      <object_component id="oc-17e">
         <name>.debug_info</name>
         <load_address>0x5ef1</load_address>
         <run_address>0x5ef1</run_address>
         <size>0x29a</size>
         <input_file_ref idref="fl-df"/>
      </object_component>
      <object_component id="oc-eb">
         <name>.debug_info</name>
         <load_address>0x618b</load_address>
         <run_address>0x618b</run_address>
         <size>0x27a</size>
         <input_file_ref idref="fl-df"/>
      </object_component>
      <object_component id="oc-172">
         <name>.debug_info</name>
         <load_address>0x6405</load_address>
         <run_address>0x6405</run_address>
         <size>0x3d9</size>
         <input_file_ref idref="fl-df"/>
      </object_component>
      <object_component id="oc-df">
         <name>.debug_info</name>
         <load_address>0x67de</load_address>
         <run_address>0x67de</run_address>
         <size>0x242</size>
         <input_file_ref idref="fl-df"/>
      </object_component>
      <object_component id="oc-1b2">
         <name>.debug_info</name>
         <load_address>0x6a20</load_address>
         <run_address>0x6a20</run_address>
         <size>0x298</size>
         <input_file_ref idref="fl-e0"/>
      </object_component>
      <object_component id="oc-1ca">
         <name>.debug_info</name>
         <load_address>0x6cb8</load_address>
         <run_address>0x6cb8</run_address>
         <size>0x14d</size>
         <input_file_ref idref="fl-e0"/>
      </object_component>
      <object_component id="oc-14c">
         <name>.debug_info</name>
         <load_address>0x6e05</load_address>
         <run_address>0x6e05</run_address>
         <size>0x27f</size>
         <input_file_ref idref="fl-e0"/>
      </object_component>
      <object_component id="oc-146">
         <name>.debug_info</name>
         <load_address>0x7084</load_address>
         <run_address>0x7084</run_address>
         <size>0x27d</size>
         <input_file_ref idref="fl-e0"/>
      </object_component>
      <object_component id="oc-13f">
         <name>.debug_info</name>
         <load_address>0x7301</load_address>
         <run_address>0x7301</run_address>
         <size>0x2db</size>
         <input_file_ref idref="fl-e0"/>
      </object_component>
      <object_component id="oc-16c">
         <name>.debug_info</name>
         <load_address>0x75dc</load_address>
         <run_address>0x75dc</run_address>
         <size>0x2b5</size>
         <input_file_ref idref="fl-e0"/>
      </object_component>
      <object_component id="oc-1f5">
         <name>.debug_info</name>
         <load_address>0x7891</load_address>
         <run_address>0x7891</run_address>
         <size>0x5f</size>
         <input_file_ref idref="fl-e0"/>
      </object_component>
      <object_component id="oc-23c">
         <name>.debug_info</name>
         <load_address>0x78f0</load_address>
         <run_address>0x78f0</run_address>
         <size>0xd4</size>
      </object_component>
      <object_component id="oc-13d">
         <name>.debug_line</name>
         <load_address>0x0</load_address>
         <run_address>0x0</run_address>
         <size>0x8e</size>
         <input_file_ref idref="fl-2"/>
      </object_component>
      <object_component id="oc-cf">
         <name>.debug_line</name>
         <load_address>0x8e</load_address>
         <run_address>0x8e</run_address>
         <size>0x53</size>
         <input_file_ref idref="fl-2"/>
      </object_component>
      <object_component id="oc-70">
         <name>.debug_line</name>
         <load_address>0xe1</load_address>
         <run_address>0xe1</run_address>
         <size>0x6f</size>
         <input_file_ref idref="fl-2"/>
      </object_component>
      <object_component id="oc-36">
         <name>.debug_line</name>
         <load_address>0x150</load_address>
         <run_address>0x150</run_address>
         <size>0x20</size>
         <input_file_ref idref="fl-2"/>
      </object_component>
      <object_component id="oc-ad">
         <name>.debug_line</name>
         <load_address>0x170</load_address>
         <run_address>0x170</run_address>
         <size>0x73</size>
         <input_file_ref idref="fl-2"/>
      </object_component>
      <object_component id="oc-75">
         <name>.debug_line</name>
         <load_address>0x1e3</load_address>
         <run_address>0x1e3</run_address>
         <size>0x70</size>
         <input_file_ref idref="fl-2"/>
      </object_component>
      <object_component id="oc-190">
         <name>.debug_line</name>
         <load_address>0x253</load_address>
         <run_address>0x253</run_address>
         <size>0x28b</size>
         <input_file_ref idref="fl-3"/>
      </object_component>
      <object_component id="oc-9d">
         <name>.debug_line</name>
         <load_address>0x4de</load_address>
         <run_address>0x4de</run_address>
         <size>0x7f</size>
         <input_file_ref idref="fl-3"/>
      </object_component>
      <object_component id="oc-fc">
         <name>.debug_line</name>
         <load_address>0x55d</load_address>
         <run_address>0x55d</run_address>
         <size>0x20</size>
         <input_file_ref idref="fl-3"/>
      </object_component>
      <object_component id="oc-6c">
         <name>.debug_line</name>
         <load_address>0x57d</load_address>
         <run_address>0x57d</run_address>
         <size>0x41</size>
         <input_file_ref idref="fl-4"/>
      </object_component>
      <object_component id="oc-2b">
         <name>.debug_line</name>
         <load_address>0x5be</load_address>
         <run_address>0x5be</run_address>
         <size>0x41</size>
         <input_file_ref idref="fl-4"/>
      </object_component>
      <object_component id="oc-28">
         <name>.debug_line</name>
         <load_address>0x5ff</load_address>
         <run_address>0x5ff</run_address>
         <size>0xa1</size>
         <input_file_ref idref="fl-4"/>
      </object_component>
      <object_component id="oc-cb">
         <name>.debug_line</name>
         <load_address>0x6a0</load_address>
         <run_address>0x6a0</run_address>
         <size>0x137</size>
         <input_file_ref idref="fl-9"/>
      </object_component>
      <object_component id="oc-d4">
         <name>.debug_line</name>
         <load_address>0x7d7</load_address>
         <run_address>0x7d7</run_address>
         <size>0x11f</size>
         <input_file_ref idref="fl-b"/>
      </object_component>
      <object_component id="oc-c4">
         <name>.debug_line</name>
         <load_address>0x8f6</load_address>
         <run_address>0x8f6</run_address>
         <size>0xb9</size>
         <input_file_ref idref="fl-c"/>
      </object_component>
      <object_component id="oc-d9">
         <name>.debug_line</name>
         <load_address>0x9af</load_address>
         <run_address>0x9af</run_address>
         <size>0xd3</size>
         <input_file_ref idref="fl-10"/>
      </object_component>
      <object_component id="oc-bd">
         <name>.debug_line</name>
         <load_address>0xa82</load_address>
         <run_address>0xa82</run_address>
         <size>0x90</size>
         <input_file_ref idref="fl-ce"/>
      </object_component>
      <object_component id="oc-48">
         <name>.debug_line</name>
         <load_address>0xb12</load_address>
         <run_address>0xb12</run_address>
         <size>0x56</size>
         <input_file_ref idref="fl-ce"/>
      </object_component>
      <object_component id="oc-89">
         <name>.debug_line</name>
         <load_address>0xb68</load_address>
         <run_address>0xb68</run_address>
         <size>0x34</size>
         <input_file_ref idref="fl-ce"/>
      </object_component>
      <object_component id="oc-ba">
         <name>.debug_line</name>
         <load_address>0xb9c</load_address>
         <run_address>0xb9c</run_address>
         <size>0x90</size>
         <input_file_ref idref="fl-ce"/>
      </object_component>
      <object_component id="oc-69">
         <name>.debug_line</name>
         <load_address>0xc2c</load_address>
         <run_address>0xc2c</run_address>
         <size>0x33</size>
         <input_file_ref idref="fl-d1"/>
      </object_component>
      <object_component id="oc-57">
         <name>.debug_line</name>
         <load_address>0xc5f</load_address>
         <run_address>0xc5f</run_address>
         <size>0x45</size>
         <input_file_ref idref="fl-d1"/>
      </object_component>
      <object_component id="oc-1e1">
         <name>.debug_line</name>
         <load_address>0xca4</load_address>
         <run_address>0xca4</run_address>
         <size>0xbd</size>
         <input_file_ref idref="fl-d5"/>
      </object_component>
      <object_component id="oc-10f">
         <name>.debug_line</name>
         <load_address>0xd61</load_address>
         <run_address>0xd61</run_address>
         <size>0x6f</size>
         <input_file_ref idref="fl-d5"/>
      </object_component>
      <object_component id="oc-1e5">
         <name>.debug_line</name>
         <load_address>0xdd0</load_address>
         <run_address>0xdd0</run_address>
         <size>0x2e</size>
         <input_file_ref idref="fl-d5"/>
      </object_component>
      <object_component id="oc-208">
         <name>.debug_line</name>
         <load_address>0xdfe</load_address>
         <run_address>0xdfe</run_address>
         <size>0x98</size>
         <input_file_ref idref="fl-d5"/>
      </object_component>
      <object_component id="oc-1ea">
         <name>.debug_line</name>
         <load_address>0xe96</load_address>
         <run_address>0xe96</run_address>
         <size>0x95</size>
         <input_file_ref idref="fl-d5"/>
      </object_component>
      <object_component id="oc-1ef">
         <name>.debug_line</name>
         <load_address>0xf2b</load_address>
         <run_address>0xf2b</run_address>
         <size>0x91</size>
         <input_file_ref idref="fl-d5"/>
      </object_component>
      <object_component id="oc-95">
         <name>.debug_line</name>
         <load_address>0xfbc</load_address>
         <run_address>0xfbc</run_address>
         <size>0x40</size>
         <input_file_ref idref="fl-d6"/>
      </object_component>
      <object_component id="oc-100">
         <name>.debug_line</name>
         <load_address>0xffc</load_address>
         <run_address>0xffc</run_address>
         <size>0x3c</size>
         <input_file_ref idref="fl-d8"/>
      </object_component>
      <object_component id="oc-18a">
         <name>.debug_line</name>
         <load_address>0x1038</load_address>
         <run_address>0x1038</run_address>
         <size>0x69</size>
         <input_file_ref idref="fl-db"/>
      </object_component>
      <object_component id="oc-1fd">
         <name>.debug_line</name>
         <load_address>0x10a1</load_address>
         <run_address>0x10a1</run_address>
         <size>0x82</size>
         <input_file_ref idref="fl-dc"/>
      </object_component>
      <object_component id="oc-1ff">
         <name>.debug_line</name>
         <load_address>0x1123</load_address>
         <run_address>0x1123</run_address>
         <size>0x7d</size>
         <input_file_ref idref="fl-dc"/>
      </object_component>
      <object_component id="oc-1bd">
         <name>.debug_line</name>
         <load_address>0x11a0</load_address>
         <run_address>0x11a0</run_address>
         <size>0x95</size>
         <input_file_ref idref="fl-dc"/>
      </object_component>
      <object_component id="oc-1b7">
         <name>.debug_line</name>
         <load_address>0x1235</load_address>
         <run_address>0x1235</run_address>
         <size>0xd1</size>
         <input_file_ref idref="fl-dc"/>
      </object_component>
      <object_component id="oc-15f">
         <name>.debug_line</name>
         <load_address>0x1306</load_address>
         <run_address>0x1306</run_address>
         <size>0x93</size>
         <input_file_ref idref="fl-dc"/>
      </object_component>
      <object_component id="oc-152">
         <name>.debug_line</name>
         <load_address>0x1399</load_address>
         <run_address>0x1399</run_address>
         <size>0x99</size>
         <input_file_ref idref="fl-dc"/>
      </object_component>
      <object_component id="oc-159">
         <name>.debug_line</name>
         <load_address>0x1432</load_address>
         <run_address>0x1432</run_address>
         <size>0xa7</size>
         <input_file_ref idref="fl-dc"/>
      </object_component>
      <object_component id="oc-1d1">
         <name>.debug_line</name>
         <load_address>0x14d9</load_address>
         <run_address>0x14d9</run_address>
         <size>0x82</size>
         <input_file_ref idref="fl-df"/>
      </object_component>
      <object_component id="oc-17c">
         <name>.debug_line</name>
         <load_address>0x155b</load_address>
         <run_address>0x155b</run_address>
         <size>0x91</size>
         <input_file_ref idref="fl-df"/>
      </object_component>
      <object_component id="oc-169">
         <name>.debug_line</name>
         <load_address>0x15ec</load_address>
         <run_address>0x15ec</run_address>
         <size>0x91</size>
         <input_file_ref idref="fl-df"/>
      </object_component>
      <object_component id="oc-e8">
         <name>.debug_line</name>
         <load_address>0x167d</load_address>
         <run_address>0x167d</run_address>
         <size>0x94</size>
         <input_file_ref idref="fl-df"/>
      </object_component>
      <object_component id="oc-181">
         <name>.debug_line</name>
         <load_address>0x1711</load_address>
         <run_address>0x1711</run_address>
         <size>0x97</size>
         <input_file_ref idref="fl-df"/>
      </object_component>
      <object_component id="oc-ee">
         <name>.debug_line</name>
         <load_address>0x17a8</load_address>
         <run_address>0x17a8</run_address>
         <size>0x94</size>
         <input_file_ref idref="fl-df"/>
      </object_component>
      <object_component id="oc-175">
         <name>.debug_line</name>
         <load_address>0x183c</load_address>
         <run_address>0x183c</run_address>
         <size>0xa3</size>
         <input_file_ref idref="fl-df"/>
      </object_component>
      <object_component id="oc-e3">
         <name>.debug_line</name>
         <load_address>0x18df</load_address>
         <run_address>0x18df</run_address>
         <size>0x91</size>
         <input_file_ref idref="fl-df"/>
      </object_component>
      <object_component id="oc-1f4">
         <name>.debug_line</name>
         <load_address>0x1970</load_address>
         <run_address>0x1970</run_address>
         <size>0x13d</size>
         <input_file_ref idref="fl-e0"/>
      </object_component>
      <object_component id="oc-201">
         <name>.debug_line</name>
         <load_address>0x1aad</load_address>
         <run_address>0x1aad</run_address>
         <size>0x7f</size>
         <input_file_ref idref="fl-e0"/>
      </object_component>
      <object_component id="oc-14f">
         <name>.debug_line</name>
         <load_address>0x1b2c</load_address>
         <run_address>0x1b2c</run_address>
         <size>0x94</size>
         <input_file_ref idref="fl-e0"/>
      </object_component>
      <object_component id="oc-149">
         <name>.debug_line</name>
         <load_address>0x1bc0</load_address>
         <run_address>0x1bc0</run_address>
         <size>0x94</size>
         <input_file_ref idref="fl-e0"/>
      </object_component>
      <object_component id="oc-142">
         <name>.debug_line</name>
         <load_address>0x1c54</load_address>
         <run_address>0x1c54</run_address>
         <size>0xee</size>
         <input_file_ref idref="fl-e0"/>
      </object_component>
      <object_component id="oc-16f">
         <name>.debug_line</name>
         <load_address>0x1d42</load_address>
         <run_address>0x1d42</run_address>
         <size>0x11a</size>
         <input_file_ref idref="fl-e0"/>
      </object_component>
      <object_component id="oc-1f8">
         <name>.debug_line</name>
         <load_address>0x1e5c</load_address>
         <run_address>0x1e5c</run_address>
         <size>0x7f</size>
         <input_file_ref idref="fl-e0"/>
      </object_component>
      <object_component id="oc-cd">
         <name>.debug_frame</name>
         <load_address>0x0</load_address>
         <run_address>0x0</run_address>
         <size>0x58</size>
         <input_file_ref idref="fl-2"/>
      </object_component>
      <object_component id="oc-9c">
         <name>.debug_frame</name>
         <load_address>0x58</load_address>
         <run_address>0x58</run_address>
         <size>0x74</size>
         <input_file_ref idref="fl-3"/>
      </object_component>
      <object_component id="oc-29">
         <name>.debug_frame</name>
         <load_address>0xcc</load_address>
         <run_address>0xcc</run_address>
         <size>0x90</size>
         <input_file_ref idref="fl-4"/>
      </object_component>
      <object_component id="oc-ca">
         <name>.debug_frame</name>
         <load_address>0x15c</load_address>
         <run_address>0x15c</run_address>
         <size>0xa4</size>
         <input_file_ref idref="fl-9"/>
      </object_component>
      <object_component id="oc-d3">
         <name>.debug_frame</name>
         <load_address>0x200</load_address>
         <run_address>0x200</run_address>
         <size>0xb0</size>
         <input_file_ref idref="fl-b"/>
      </object_component>
      <object_component id="oc-c5">
         <name>.debug_frame</name>
         <load_address>0x2b0</load_address>
         <run_address>0x2b0</run_address>
         <size>0x58</size>
         <input_file_ref idref="fl-c"/>
      </object_component>
      <object_component id="oc-da">
         <name>.debug_frame</name>
         <load_address>0x308</load_address>
         <run_address>0x308</run_address>
         <size>0x88</size>
         <input_file_ref idref="fl-10"/>
      </object_component>
      <object_component id="oc-49">
         <name>.debug_frame</name>
         <load_address>0x390</load_address>
         <run_address>0x390</run_address>
         <size>0x54</size>
         <input_file_ref idref="fl-ce"/>
      </object_component>
      <object_component id="oc-58">
         <name>.debug_frame</name>
         <load_address>0x3e4</load_address>
         <run_address>0x3e4</run_address>
         <size>0x50</size>
         <input_file_ref idref="fl-d1"/>
      </object_component>
      <object_component id="oc-10e">
         <name>.debug_frame</name>
         <load_address>0x434</load_address>
         <run_address>0x434</run_address>
         <size>0x5c</size>
         <input_file_ref idref="fl-d5"/>
      </object_component>
      <object_component id="oc-94">
         <name>.debug_frame</name>
         <load_address>0x490</load_address>
         <run_address>0x490</run_address>
         <size>0x54</size>
         <input_file_ref idref="fl-d6"/>
      </object_component>
      <object_component id="oc-101">
         <name>.debug_frame</name>
         <load_address>0x4e4</load_address>
         <run_address>0x4e4</run_address>
         <size>0x54</size>
         <input_file_ref idref="fl-d8"/>
      </object_component>
      <object_component id="oc-1bc">
         <name>.debug_frame</name>
         <load_address>0x538</load_address>
         <run_address>0x538</run_address>
         <size>0x7f</size>
         <input_file_ref idref="fl-dc"/>
      </object_component>
      <object_component id="oc-1b6">
         <name>.debug_frame</name>
         <load_address>0x5b7</load_address>
         <run_address>0x5b7</run_address>
         <size>0x8f</size>
         <input_file_ref idref="fl-dc"/>
      </object_component>
      <object_component id="oc-163">
         <name>.debug_frame</name>
         <load_address>0x646</load_address>
         <run_address>0x646</run_address>
         <size>0x86</size>
         <input_file_ref idref="fl-dc"/>
      </object_component>
      <object_component id="oc-156">
         <name>.debug_frame</name>
         <load_address>0x6cc</load_address>
         <run_address>0x6cc</run_address>
         <size>0x8a</size>
         <input_file_ref idref="fl-dc"/>
      </object_component>
      <object_component id="oc-15d">
         <name>.debug_frame</name>
         <load_address>0x756</load_address>
         <run_address>0x756</run_address>
         <size>0x86</size>
         <input_file_ref idref="fl-dc"/>
      </object_component>
      <object_component id="oc-17b">
         <name>.debug_frame</name>
         <load_address>0x7dc</load_address>
         <run_address>0x7dc</run_address>
         <size>0x7f</size>
         <input_file_ref idref="fl-df"/>
      </object_component>
      <object_component id="oc-16a">
         <name>.debug_frame</name>
         <load_address>0x85b</load_address>
         <run_address>0x85b</run_address>
         <size>0x7f</size>
         <input_file_ref idref="fl-df"/>
      </object_component>
      <object_component id="oc-e9">
         <name>.debug_frame</name>
         <load_address>0x8da</load_address>
         <run_address>0x8da</run_address>
         <size>0x7f</size>
         <input_file_ref idref="fl-df"/>
      </object_component>
      <object_component id="oc-182">
         <name>.debug_frame</name>
         <load_address>0x959</load_address>
         <run_address>0x959</run_address>
         <size>0x83</size>
         <input_file_ref idref="fl-df"/>
      </object_component>
      <object_component id="oc-ef">
         <name>.debug_frame</name>
         <load_address>0x9dc</load_address>
         <run_address>0x9dc</run_address>
         <size>0x7f</size>
         <input_file_ref idref="fl-df"/>
      </object_component>
      <object_component id="oc-176">
         <name>.debug_frame</name>
         <load_address>0xa5b</load_address>
         <run_address>0xa5b</run_address>
         <size>0x86</size>
         <input_file_ref idref="fl-df"/>
      </object_component>
      <object_component id="oc-e2">
         <name>.debug_frame</name>
         <load_address>0xae1</load_address>
         <run_address>0xae1</run_address>
         <size>0x7f</size>
         <input_file_ref idref="fl-df"/>
      </object_component>
      <object_component id="oc-150">
         <name>.debug_frame</name>
         <load_address>0xb60</load_address>
         <run_address>0xb60</run_address>
         <size>0x7f</size>
         <input_file_ref idref="fl-e0"/>
      </object_component>
      <object_component id="oc-14a">
         <name>.debug_frame</name>
         <load_address>0xbdf</load_address>
         <run_address>0xbdf</run_address>
         <size>0x7f</size>
         <input_file_ref idref="fl-e0"/>
      </object_component>
      <object_component id="oc-143">
         <name>.debug_frame</name>
         <load_address>0xc5e</load_address>
         <run_address>0xc5e</run_address>
         <size>0x93</size>
         <input_file_ref idref="fl-e0"/>
      </object_component>
      <object_component id="oc-170">
         <name>.debug_frame</name>
         <load_address>0xcf1</load_address>
         <run_address>0xcf1</run_address>
         <size>0x8e</size>
         <input_file_ref idref="fl-e0"/>
      </object_component>
      <object_component id="oc-13c">
         <name>.debug_abbrev</name>
         <load_address>0x0</load_address>
         <run_address>0x0</run_address>
         <size>0x5a</size>
         <input_file_ref idref="fl-2"/>
      </object_component>
      <object_component id="oc-164">
         <name>.debug_abbrev</name>
         <load_address>0x5a</load_address>
         <run_address>0x5a</run_address>
         <size>0x5e</size>
         <input_file_ref idref="fl-2"/>
      </object_component>
      <object_component id="oc-6f">
         <name>.debug_abbrev</name>
         <load_address>0xb8</load_address>
         <run_address>0xb8</run_address>
         <size>0x69</size>
         <input_file_ref idref="fl-2"/>
      </object_component>
      <object_component id="oc-35">
         <name>.debug_abbrev</name>
         <load_address>0x121</load_address>
         <run_address>0x121</run_address>
         <size>0x1f</size>
         <input_file_ref idref="fl-2"/>
      </object_component>
      <object_component id="oc-ac">
         <name>.debug_abbrev</name>
         <load_address>0x140</load_address>
         <run_address>0x140</run_address>
         <size>0x5c</size>
         <input_file_ref idref="fl-2"/>
      </object_component>
      <object_component id="oc-74">
         <name>.debug_abbrev</name>
         <load_address>0x19c</load_address>
         <run_address>0x19c</run_address>
         <size>0x24</size>
         <input_file_ref idref="fl-2"/>
      </object_component>
      <object_component id="oc-18f">
         <name>.debug_abbrev</name>
         <load_address>0x1c0</load_address>
         <run_address>0x1c0</run_address>
         <size>0xaf</size>
         <input_file_ref idref="fl-3"/>
      </object_component>
      <object_component id="oc-f8">
         <name>.debug_abbrev</name>
         <load_address>0x26f</load_address>
         <run_address>0x26f</run_address>
         <size>0x8d</size>
         <input_file_ref idref="fl-3"/>
      </object_component>
      <object_component id="oc-fb">
         <name>.debug_abbrev</name>
         <load_address>0x2fc</load_address>
         <run_address>0x2fc</run_address>
         <size>0x1f</size>
         <input_file_ref idref="fl-3"/>
      </object_component>
      <object_component id="oc-6b">
         <name>.debug_abbrev</name>
         <load_address>0x31b</load_address>
         <run_address>0x31b</run_address>
         <size>0x68</size>
         <input_file_ref idref="fl-4"/>
      </object_component>
      <object_component id="oc-2a">
         <name>.debug_abbrev</name>
         <load_address>0x383</load_address>
         <run_address>0x383</run_address>
         <size>0x29</size>
         <input_file_ref idref="fl-4"/>
      </object_component>
      <object_component id="oc-6a">
         <name>.debug_abbrev</name>
         <load_address>0x3ac</load_address>
         <run_address>0x3ac</run_address>
         <size>0x79</size>
         <input_file_ref idref="fl-4"/>
      </object_component>
      <object_component id="oc-157">
         <name>.debug_abbrev</name>
         <load_address>0x425</load_address>
         <run_address>0x425</run_address>
         <size>0x7a</size>
         <input_file_ref idref="fl-9"/>
      </object_component>
      <object_component id="oc-183">
         <name>.debug_abbrev</name>
         <load_address>0x49f</load_address>
         <run_address>0x49f</run_address>
         <size>0x6c</size>
         <input_file_ref idref="fl-b"/>
      </object_component>
      <object_component id="oc-144">
         <name>.debug_abbrev</name>
         <load_address>0x50b</load_address>
         <run_address>0x50b</run_address>
         <size>0x7a</size>
         <input_file_ref idref="fl-c"/>
      </object_component>
      <object_component id="oc-185">
         <name>.debug_abbrev</name>
         <load_address>0x585</load_address>
         <run_address>0x585</run_address>
         <size>0x7a</size>
         <input_file_ref idref="fl-10"/>
      </object_component>
      <object_component id="oc-bc">
         <name>.debug_abbrev</name>
         <load_address>0x5ff</load_address>
         <run_address>0x5ff</run_address>
         <size>0x5d</size>
         <input_file_ref idref="fl-ce"/>
      </object_component>
      <object_component id="oc-85">
         <name>.debug_abbrev</name>
         <load_address>0x65c</load_address>
         <run_address>0x65c</run_address>
         <size>0x6f</size>
         <input_file_ref idref="fl-ce"/>
      </object_component>
      <object_component id="oc-88">
         <name>.debug_abbrev</name>
         <load_address>0x6cb</load_address>
         <run_address>0x6cb</run_address>
         <size>0x24</size>
         <input_file_ref idref="fl-ce"/>
      </object_component>
      <object_component id="oc-b9">
         <name>.debug_abbrev</name>
         <load_address>0x6ef</load_address>
         <run_address>0x6ef</run_address>
         <size>0x24</size>
         <input_file_ref idref="fl-ce"/>
      </object_component>
      <object_component id="oc-68">
         <name>.debug_abbrev</name>
         <load_address>0x713</load_address>
         <run_address>0x713</run_address>
         <size>0x29</size>
         <input_file_ref idref="fl-d1"/>
      </object_component>
      <object_component id="oc-a1">
         <name>.debug_abbrev</name>
         <load_address>0x73c</load_address>
         <run_address>0x73c</run_address>
         <size>0x55</size>
         <input_file_ref idref="fl-d1"/>
      </object_component>
      <object_component id="oc-1e0">
         <name>.debug_abbrev</name>
         <load_address>0x791</load_address>
         <run_address>0x791</run_address>
         <size>0xc0</size>
         <input_file_ref idref="fl-d5"/>
      </object_component>
      <object_component id="oc-19b">
         <name>.debug_abbrev</name>
         <load_address>0x851</load_address>
         <run_address>0x851</run_address>
         <size>0x7e</size>
         <input_file_ref idref="fl-d5"/>
      </object_component>
      <object_component id="oc-1e4">
         <name>.debug_abbrev</name>
         <load_address>0x8cf</load_address>
         <run_address>0x8cf</run_address>
         <size>0x24</size>
         <input_file_ref idref="fl-d5"/>
      </object_component>
      <object_component id="oc-207">
         <name>.debug_abbrev</name>
         <load_address>0x8f3</load_address>
         <run_address>0x8f3</run_address>
         <size>0x24</size>
         <input_file_ref idref="fl-d5"/>
      </object_component>
      <object_component id="oc-1e9">
         <name>.debug_abbrev</name>
         <load_address>0x917</load_address>
         <run_address>0x917</run_address>
         <size>0x24</size>
         <input_file_ref idref="fl-d5"/>
      </object_component>
      <object_component id="oc-1ee">
         <name>.debug_abbrev</name>
         <load_address>0x93b</load_address>
         <run_address>0x93b</run_address>
         <size>0x4b</size>
         <input_file_ref idref="fl-d5"/>
      </object_component>
      <object_component id="oc-bf">
         <name>.debug_abbrev</name>
         <load_address>0x986</load_address>
         <run_address>0x986</run_address>
         <size>0x55</size>
         <input_file_ref idref="fl-d6"/>
      </object_component>
      <object_component id="oc-191">
         <name>.debug_abbrev</name>
         <load_address>0x9db</load_address>
         <run_address>0x9db</run_address>
         <size>0x45</size>
         <input_file_ref idref="fl-d8"/>
      </object_component>
      <object_component id="oc-189">
         <name>.debug_abbrev</name>
         <load_address>0xa20</load_address>
         <run_address>0xa20</run_address>
         <size>0x35</size>
         <input_file_ref idref="fl-db"/>
      </object_component>
      <object_component id="oc-1fc">
         <name>.debug_abbrev</name>
         <load_address>0xa55</load_address>
         <run_address>0xa55</run_address>
         <size>0x72</size>
         <input_file_ref idref="fl-dc"/>
      </object_component>
      <object_component id="oc-1fe">
         <name>.debug_abbrev</name>
         <load_address>0xac7</load_address>
         <run_address>0xac7</run_address>
         <size>0x27</size>
         <input_file_ref idref="fl-dc"/>
      </object_component>
      <object_component id="oc-1fb">
         <name>.debug_abbrev</name>
         <load_address>0xaee</load_address>
         <run_address>0xaee</run_address>
         <size>0x6c</size>
         <input_file_ref idref="fl-dc"/>
      </object_component>
      <object_component id="oc-1fa">
         <name>.debug_abbrev</name>
         <load_address>0xb5a</load_address>
         <run_address>0xb5a</run_address>
         <size>0x6c</size>
         <input_file_ref idref="fl-dc"/>
      </object_component>
      <object_component id="oc-1c7">
         <name>.debug_abbrev</name>
         <load_address>0xbc6</load_address>
         <run_address>0xbc6</run_address>
         <size>0x6c</size>
         <input_file_ref idref="fl-dc"/>
      </object_component>
      <object_component id="oc-1c1">
         <name>.debug_abbrev</name>
         <load_address>0xc32</load_address>
         <run_address>0xc32</run_address>
         <size>0x7a</size>
         <input_file_ref idref="fl-dc"/>
      </object_component>
      <object_component id="oc-1c6">
         <name>.debug_abbrev</name>
         <load_address>0xcac</load_address>
         <run_address>0xcac</run_address>
         <size>0x6c</size>
         <input_file_ref idref="fl-dc"/>
      </object_component>
      <object_component id="oc-1d0">
         <name>.debug_abbrev</name>
         <load_address>0xd18</load_address>
         <run_address>0xd18</run_address>
         <size>0x72</size>
         <input_file_ref idref="fl-df"/>
      </object_component>
      <object_component id="oc-1ce">
         <name>.debug_abbrev</name>
         <load_address>0xd8a</load_address>
         <run_address>0xd8a</run_address>
         <size>0x6c</size>
         <input_file_ref idref="fl-df"/>
      </object_component>
      <object_component id="oc-1c8">
         <name>.debug_abbrev</name>
         <load_address>0xdf6</load_address>
         <run_address>0xdf6</run_address>
         <size>0x6c</size>
         <input_file_ref idref="fl-df"/>
      </object_component>
      <object_component id="oc-18d">
         <name>.debug_abbrev</name>
         <load_address>0xe62</load_address>
         <run_address>0xe62</run_address>
         <size>0x6c</size>
         <input_file_ref idref="fl-df"/>
      </object_component>
      <object_component id="oc-1cf">
         <name>.debug_abbrev</name>
         <load_address>0xece</load_address>
         <run_address>0xece</run_address>
         <size>0x6e</size>
         <input_file_ref idref="fl-df"/>
      </object_component>
      <object_component id="oc-18e">
         <name>.debug_abbrev</name>
         <load_address>0xf3c</load_address>
         <run_address>0xf3c</run_address>
         <size>0x6c</size>
         <input_file_ref idref="fl-df"/>
      </object_component>
      <object_component id="oc-1cd">
         <name>.debug_abbrev</name>
         <load_address>0xfa8</load_address>
         <run_address>0xfa8</run_address>
         <size>0x6c</size>
         <input_file_ref idref="fl-df"/>
      </object_component>
      <object_component id="oc-186">
         <name>.debug_abbrev</name>
         <load_address>0x1014</load_address>
         <run_address>0x1014</run_address>
         <size>0x6e</size>
         <input_file_ref idref="fl-df"/>
      </object_component>
      <object_component id="oc-1f3">
         <name>.debug_abbrev</name>
         <load_address>0x1082</load_address>
         <run_address>0x1082</run_address>
         <size>0xb0</size>
         <input_file_ref idref="fl-e0"/>
      </object_component>
      <object_component id="oc-200">
         <name>.debug_abbrev</name>
         <load_address>0x1132</load_address>
         <run_address>0x1132</run_address>
         <size>0x27</size>
         <input_file_ref idref="fl-e0"/>
      </object_component>
      <object_component id="oc-1b4">
         <name>.debug_abbrev</name>
         <load_address>0x1159</load_address>
         <run_address>0x1159</run_address>
         <size>0x6e</size>
         <input_file_ref idref="fl-e0"/>
      </object_component>
      <object_component id="oc-1b3">
         <name>.debug_abbrev</name>
         <load_address>0x11c7</load_address>
         <run_address>0x11c7</run_address>
         <size>0x6c</size>
         <input_file_ref idref="fl-e0"/>
      </object_component>
      <object_component id="oc-1b1">
         <name>.debug_abbrev</name>
         <load_address>0x1233</load_address>
         <run_address>0x1233</run_address>
         <size>0x7a</size>
         <input_file_ref idref="fl-e0"/>
      </object_component>
      <object_component id="oc-1cc">
         <name>.debug_abbrev</name>
         <load_address>0x12ad</load_address>
         <run_address>0x12ad</run_address>
         <size>0x60</size>
         <input_file_ref idref="fl-e0"/>
      </object_component>
      <object_component id="oc-1f7">
         <name>.debug_abbrev</name>
         <load_address>0x130d</load_address>
         <run_address>0x130d</run_address>
         <size>0x49</size>
         <input_file_ref idref="fl-e0"/>
      </object_component>
      <object_component id="oc-23d">
         <name>.debug_abbrev</name>
         <load_address>0x1356</load_address>
         <run_address>0x1356</run_address>
         <size>0xf</size>
      </object_component>
      <object_component id="oc-71">
         <name>.debug_str</name>
         <load_address>0x0</load_address>
         <run_address>0x0</run_address>
         <size>0x2e5</size>
         <input_file_ref idref="fl-2"/>
      </object_component>
      <object_component id="oc-37">
         <name>.debug_str</name>
         <load_address>0x2e5</load_address>
         <run_address>0x2e5</run_address>
         <size>0xfe</size>
         <input_file_ref idref="fl-2"/>
      </object_component>
      <object_component id="oc-ae">
         <name>.debug_str</name>
         <load_address>0x3e3</load_address>
         <run_address>0x3e3</run_address>
         <size>0x374</size>
         <input_file_ref idref="fl-2"/>
      </object_component>
      <object_component id="oc-76">
         <name>.debug_str</name>
         <load_address>0x757</load_address>
         <run_address>0x757</run_address>
         <size>0x17d</size>
         <input_file_ref idref="fl-2"/>
      </object_component>
      <object_component id="oc-fd">
         <name>.debug_str</name>
         <load_address>0x8d4</load_address>
         <run_address>0x8d4</run_address>
         <size>0xfe</size>
         <input_file_ref idref="fl-3"/>
      </object_component>
      <object_component id="oc-8a">
         <name>.debug_str</name>
         <load_address>0x9d2</load_address>
         <run_address>0x9d2</run_address>
         <size>0x104</size>
         <input_file_ref idref="fl-ce"/>
      </object_component>
      <object_component id="oc-bb">
         <name>.debug_str</name>
         <load_address>0xad6</load_address>
         <run_address>0xad6</run_address>
         <size>0x13d</size>
         <input_file_ref idref="fl-ce"/>
      </object_component>
      <object_component id="oc-1e6">
         <name>.debug_str</name>
         <load_address>0xc13</load_address>
         <run_address>0xc13</run_address>
         <size>0xec</size>
         <input_file_ref idref="fl-d5"/>
      </object_component>
      <object_component id="oc-209">
         <name>.debug_str</name>
         <load_address>0xcff</load_address>
         <run_address>0xcff</run_address>
         <size>0x154</size>
         <input_file_ref idref="fl-d5"/>
      </object_component>
      <object_component id="oc-1eb">
         <name>.debug_str</name>
         <load_address>0xe53</load_address>
         <run_address>0xe53</run_address>
         <size>0x14d</size>
         <input_file_ref idref="fl-d5"/>
      </object_component>
      <object_component id="oc-1f0">
         <name>.debug_str</name>
         <load_address>0xfa0</load_address>
         <run_address>0xfa0</run_address>
         <size>0x194</size>
         <input_file_ref idref="fl-d5"/>
      </object_component>
      <object_component id="oc-18b">
         <name>.debug_str</name>
         <load_address>0x1134</load_address>
         <run_address>0x1134</run_address>
         <size>0x241</size>
         <input_file_ref idref="fl-db"/>
      </object_component>
      <object_component id="oc-1f9">
         <name>.debug_str</name>
         <load_address>0x1375</load_address>
         <run_address>0x1375</run_address>
         <size>0x141</size>
         <input_file_ref idref="fl-e0"/>
      </object_component>
      <object_component id="oc-ce">
         <name>.debug_aranges</name>
         <load_address>0x0</load_address>
         <run_address>0x0</run_address>
         <size>0x20</size>
         <input_file_ref idref="fl-2"/>
      </object_component>
      <object_component id="oc-9b">
         <name>.debug_aranges</name>
         <load_address>0x20</load_address>
         <run_address>0x20</run_address>
         <size>0x28</size>
         <input_file_ref idref="fl-3"/>
      </object_component>
      <object_component id="oc-27">
         <name>.debug_aranges</name>
         <load_address>0x48</load_address>
         <run_address>0x48</run_address>
         <size>0x38</size>
         <input_file_ref idref="fl-4"/>
      </object_component>
      <object_component id="oc-c8">
         <name>.debug_aranges</name>
         <load_address>0x80</load_address>
         <run_address>0x80</run_address>
         <size>0x38</size>
         <input_file_ref idref="fl-9"/>
      </object_component>
      <object_component id="oc-d6">
         <name>.debug_aranges</name>
         <load_address>0xb8</load_address>
         <run_address>0xb8</run_address>
         <size>0x38</size>
         <input_file_ref idref="fl-b"/>
      </object_component>
      <object_component id="oc-c2">
         <name>.debug_aranges</name>
         <load_address>0xf0</load_address>
         <run_address>0xf0</run_address>
         <size>0x20</size>
         <input_file_ref idref="fl-c"/>
      </object_component>
      <object_component id="oc-dc">
         <name>.debug_aranges</name>
         <load_address>0x110</load_address>
         <run_address>0x110</run_address>
         <size>0x30</size>
         <input_file_ref idref="fl-10"/>
      </object_component>
      <object_component id="oc-46">
         <name>.debug_aranges</name>
         <load_address>0x140</load_address>
         <run_address>0x140</run_address>
         <size>0x20</size>
         <input_file_ref idref="fl-ce"/>
      </object_component>
      <object_component id="oc-5a">
         <name>.debug_aranges</name>
         <load_address>0x160</load_address>
         <run_address>0x160</run_address>
         <size>0x20</size>
         <input_file_ref idref="fl-d1"/>
      </object_component>
      <object_component id="oc-10b">
         <name>.debug_aranges</name>
         <load_address>0x180</load_address>
         <run_address>0x180</run_address>
         <size>0x20</size>
         <input_file_ref idref="fl-d5"/>
      </object_component>
      <object_component id="oc-93">
         <name>.debug_aranges</name>
         <load_address>0x1a0</load_address>
         <run_address>0x1a0</run_address>
         <size>0x20</size>
         <input_file_ref idref="fl-d6"/>
      </object_component>
      <object_component id="oc-ff">
         <name>.debug_aranges</name>
         <load_address>0x1c0</load_address>
         <run_address>0x1c0</run_address>
         <size>0x20</size>
         <input_file_ref idref="fl-d8"/>
      </object_component>
      <object_component id="oc-1bf">
         <name>.debug_aranges</name>
         <load_address>0x1e0</load_address>
         <run_address>0x1e0</run_address>
         <size>0x20</size>
         <input_file_ref idref="fl-dc"/>
      </object_component>
      <object_component id="oc-1b9">
         <name>.debug_aranges</name>
         <load_address>0x200</load_address>
         <run_address>0x200</run_address>
         <size>0x20</size>
         <input_file_ref idref="fl-dc"/>
      </object_component>
      <object_component id="oc-161">
         <name>.debug_aranges</name>
         <load_address>0x220</load_address>
         <run_address>0x220</run_address>
         <size>0x20</size>
         <input_file_ref idref="fl-dc"/>
      </object_component>
      <object_component id="oc-154">
         <name>.debug_aranges</name>
         <load_address>0x240</load_address>
         <run_address>0x240</run_address>
         <size>0x20</size>
         <input_file_ref idref="fl-dc"/>
      </object_component>
      <object_component id="oc-15b">
         <name>.debug_aranges</name>
         <load_address>0x260</load_address>
         <run_address>0x260</run_address>
         <size>0x20</size>
         <input_file_ref idref="fl-dc"/>
      </object_component>
      <object_component id="oc-179">
         <name>.debug_aranges</name>
         <load_address>0x280</load_address>
         <run_address>0x280</run_address>
         <size>0x20</size>
         <input_file_ref idref="fl-df"/>
      </object_component>
      <object_component id="oc-167">
         <name>.debug_aranges</name>
         <load_address>0x2a0</load_address>
         <run_address>0x2a0</run_address>
         <size>0x20</size>
         <input_file_ref idref="fl-df"/>
      </object_component>
      <object_component id="oc-e6">
         <name>.debug_aranges</name>
         <load_address>0x2c0</load_address>
         <run_address>0x2c0</run_address>
         <size>0x20</size>
         <input_file_ref idref="fl-df"/>
      </object_component>
      <object_component id="oc-17f">
         <name>.debug_aranges</name>
         <load_address>0x2e0</load_address>
         <run_address>0x2e0</run_address>
         <size>0x20</size>
         <input_file_ref idref="fl-df"/>
      </object_component>
      <object_component id="oc-ec">
         <name>.debug_aranges</name>
         <load_address>0x300</load_address>
         <run_address>0x300</run_address>
         <size>0x20</size>
         <input_file_ref idref="fl-df"/>
      </object_component>
      <object_component id="oc-173">
         <name>.debug_aranges</name>
         <load_address>0x320</load_address>
         <run_address>0x320</run_address>
         <size>0x20</size>
         <input_file_ref idref="fl-df"/>
      </object_component>
      <object_component id="oc-e0">
         <name>.debug_aranges</name>
         <load_address>0x340</load_address>
         <run_address>0x340</run_address>
         <size>0x20</size>
         <input_file_ref idref="fl-df"/>
      </object_component>
      <object_component id="oc-14d">
         <name>.debug_aranges</name>
         <load_address>0x360</load_address>
         <run_address>0x360</run_address>
         <size>0x20</size>
         <input_file_ref idref="fl-e0"/>
      </object_component>
      <object_component id="oc-147">
         <name>.debug_aranges</name>
         <load_address>0x380</load_address>
         <run_address>0x380</run_address>
         <size>0x20</size>
         <input_file_ref idref="fl-e0"/>
      </object_component>
      <object_component id="oc-141">
         <name>.debug_aranges</name>
         <load_address>0x3a0</load_address>
         <run_address>0x3a0</run_address>
         <size>0x20</size>
         <input_file_ref idref="fl-e0"/>
      </object_component>
      <object_component id="oc-16e">
         <name>.debug_aranges</name>
         <load_address>0x3c0</load_address>
         <run_address>0x3c0</run_address>
         <size>0x20</size>
         <input_file_ref idref="fl-e0"/>
      </object_component>
      <object_component id="oc-d1">
         <name>.debug_pubnames</name>
         <load_address>0x0</load_address>
         <run_address>0x0</run_address>
         <size>0x20</size>
         <input_file_ref idref="fl-2"/>
      </object_component>
      <object_component id="oc-f2">
         <name>.debug_pubnames</name>
         <load_address>0x20</load_address>
         <run_address>0x20</run_address>
         <size>0x3c</size>
         <input_file_ref idref="fl-3"/>
      </object_component>
      <object_component id="oc-9a">
         <name>.debug_pubnames</name>
         <load_address>0x5c</load_address>
         <run_address>0x5c</run_address>
         <size>0x27</size>
         <input_file_ref idref="fl-3"/>
      </object_component>
      <object_component id="oc-11">
         <name>.debug_pubnames</name>
         <load_address>0x83</load_address>
         <run_address>0x83</run_address>
         <size>0x23</size>
         <input_file_ref idref="fl-4"/>
      </object_component>
      <object_component id="oc-26">
         <name>.debug_pubnames</name>
         <load_address>0xa6</load_address>
         <run_address>0xa6</run_address>
         <size>0x4c</size>
         <input_file_ref idref="fl-4"/>
      </object_component>
      <object_component id="oc-c9">
         <name>.debug_pubnames</name>
         <load_address>0xf2</load_address>
         <run_address>0xf2</run_address>
         <size>0x40</size>
         <input_file_ref idref="fl-9"/>
      </object_component>
      <object_component id="oc-d7">
         <name>.debug_pubnames</name>
         <load_address>0x132</load_address>
         <run_address>0x132</run_address>
         <size>0x4a</size>
         <input_file_ref idref="fl-b"/>
      </object_component>
      <object_component id="oc-c3">
         <name>.debug_pubnames</name>
         <load_address>0x17c</load_address>
         <run_address>0x17c</run_address>
         <size>0x22</size>
         <input_file_ref idref="fl-c"/>
      </object_component>
      <object_component id="oc-dd">
         <name>.debug_pubnames</name>
         <load_address>0x19e</load_address>
         <run_address>0x19e</run_address>
         <size>0x38</size>
         <input_file_ref idref="fl-10"/>
      </object_component>
      <object_component id="oc-47">
[...]
            <object_component_ref idref="oc-1e0"/>
            <object_component_ref idref="oc-19b"/>
            <object_component_ref idref="oc-1e4"/>
            <object_component_ref idref="oc-207"/>
            <object_component_ref idref="oc-1e9"/>
            <object_component_ref idref="oc-1ee"/>
            <object_component_ref idref="oc-bf"/>
            <object_component_ref idref="oc-191"/>
            <object_component_ref idref="oc-189"/>
            <object_component_ref idref="oc-1fc"/>
            <object_component_ref idref="oc-1fe"/>
            <object_component_ref idref="oc-1fb"/>
            <object_component_ref idref="oc-1fa"/>
            <object_component_ref idref="oc-1c7"/>
            <object_component_ref idref="oc-1c1"/>
            <object_component_ref idref="oc-1c6"/>
            <object_component_ref idref="oc-1d0"/>
            <object_component_ref idref="oc-1ce"/>
            <object_component_ref idref="oc-1c8"/>
            <object_component_ref idref="oc-18d"/>
            <object_component_ref idref="oc-1cf"/>
            <object_component_ref idref="oc-18e"/>
            <object_component_ref idref="oc-1cd"/>
            <object_component_ref idref="oc-186"/>
            <object_component_ref idref="oc-1f3"/>
            <object_component_ref idref="oc-200"/>
            <object_component_ref idref="oc-1b4"/>
            <object_component_ref idref="oc-1b3"/>
            <object_component_ref idref="oc-1b1"/>
            <object_component_ref idref="oc-1cc"/>
            <object_component_ref idref="oc-1f7"/>
            <object_component_ref idref="oc-23d"/>
         </contents>
      </logical_group>
      <logical_group id="lg-228" display="never" color="cyan">
         <name>.debug_str</name>
         <load_address>0x0</load_address>
         <run_address>0x0</run_address>
         <size>0x14b6</size>
         <contents>
            <object_component_ref idref="oc-71"/>
            <object_component_ref idref="oc-37"/>
            <object_component_ref idref="oc-ae"/>
            <object_component_ref idref="oc-76"/>
            <object_component_ref idref="oc-fd"/>
            <object_component_ref idref="oc-8a"/>
            <object_component_ref idref="oc-bb"/>
            <object_component_ref idref="oc-1e6"/>
            <object_component_ref idref="oc-209"/>
            <object_component_ref idref="oc-1eb"/>
            <object_component_ref idref="oc-1f0"/>
            <object_component_ref idref="oc-18b"/>
            <object_component_ref idref="oc-1f9"/>
         </contents>
      </logical_group>
      <logical_group id="lg-22a" display="never" color="cyan">
         <name>.debug_aranges</name>
         <load_address>0x0</load_address>
         <run_address>0x0</run_address>
         <size>0x3e0</size>
         <contents>
            <object_component_ref idref="oc-ce"/>
            <object_component_ref idref="oc-9b"/>
            <object_component_ref idref="oc-27"/>
            <object_component_ref idref="oc-c8"/>
            <object_component_ref idref="oc-d6"/>
            <object_component_ref idref="oc-c2"/>
            <object_component_ref idref="oc-dc"/>
            <object_component_ref idref="oc-46"/>
            <object_component_ref idref="oc-5a"/>
            <object_component_ref idref="oc-10b"/>
            <object_component_ref idref="oc-93"/>
            <object_component_ref idref="oc-ff"/>
            <object_component_ref idref="oc-1bf"/>
            <object_component_ref idref="oc-1b9"/>
            <object_component_ref idref="oc-161"/>
            <object_component_ref idref="oc-154"/>
            <object_component_ref idref="oc-15b"/>
            <object_component_ref idref="oc-179"/>
            <object_component_ref idref="oc-167"/>
            <object_component_ref idref="oc-e6"/>
            <object_component_ref idref="oc-17f"/>
            <object_component_ref idref="oc-ec"/>
            <object_component_ref idref="oc-173"/>
            <object_component_ref idref="oc-e0"/>
            <object_component_ref idref="oc-14d"/>
            <object_component_ref idref="oc-147"/>
            <object_component_ref idref="oc-141"/>
            <object_component_ref idref="oc-16e"/>
         </contents>
      </logical_group>
      <logical_group id="lg-22c" display="never" color="cyan">
         <name>.debug_pubnames</name>
         <load_address>0x0</load_address>
         <run_address>0x0</run_address>
         <size>0x56b</size>
         <contents>
            <object_component_ref idref="oc-d1"/>
            <object_component_ref idref="oc-f2"/>
            <object_component_ref idref="oc-9a"/>
            <object_component_ref idref="oc-11"/>
            <object_component_ref idref="oc-26"/>
            <object_component_ref idref="oc-c9"/>
            <object_component_ref idref="oc-d7"/>
            <object_component_ref idref="oc-c3"/>
            <object_component_ref idref="oc-dd"/>
            <object_component_ref idref="oc-47"/>
            <object_component_ref idref="oc-23"/>
            <object_component_ref idref="oc-5b"/>
            <object_component_ref idref="oc-10d"/>
            <object_component_ref idref="oc-97"/>
            <object_component_ref idref="oc-103"/>
            <object_component_ref idref="oc-1c5"/>
            <object_component_ref idref="oc-1c0"/>
            <object_component_ref idref="oc-1ba"/>
            <object_component_ref idref="oc-162"/>
            <object_component_ref idref="oc-155"/>
            <object_component_ref idref="oc-15c"/>
            <object_component_ref idref="oc-17a"/>
            <object_component_ref idref="oc-168"/>
            <object_component_ref idref="oc-e7"/>
            <object_component_ref idref="oc-180"/>
            <object_component_ref idref="oc-ed"/>
            <object_component_ref idref="oc-174"/>
            <object_component_ref idref="oc-e1"/>
            <object_component_ref idref="oc-1cb"/>
            <object_component_ref idref="oc-14e"/>
            <object_component_ref idref="oc-148"/>
            <object_component_ref idref="oc-140"/>
            <object_component_ref idref="oc-16d"/>
         </contents>
      </logical_group>
      <logical_group id="lg-22e" display="never" color="cyan">
         <name>.debug_pubtypes</name>
         <load_address>0x0</load_address>
         <run_address>0x0</run_address>
         <size>0xb48</size>
         <contents>
            <object_component_ref idref="oc-6e"/>
            <object_component_ref idref="oc-34"/>
            <object_component_ref idref="oc-ab"/>
            <object_component_ref idref="oc-73"/>
            <object_component_ref idref="oc-fa"/>
            <object_component_ref idref="oc-87"/>
            <object_component_ref idref="oc-b8"/>
            <object_component_ref idref="oc-1e3"/>
            <object_component_ref idref="oc-206"/>
            <object_component_ref idref="oc-1e8"/>
            <object_component_ref idref="oc-1ed"/>
            <object_component_ref idref="oc-188"/>
            <object_component_ref idref="oc-1f6"/>
         </contents>
      </logical_group>
      <load_segment id="lg-23f" display="no" color="cyan">
         <name>SEGMENT_0</name>
         <load_address>0x0</load_address>
         <run_address>0x0</run_address>
         <size>0xd0c</size>
         <flags>0x5</flags>
         <contents>
            <logical_group_ref idref="lg-3"/>
            <logical_group_ref idref="lg-4"/>
            <logical_group_ref idref="lg-5"/>
            <logical_group_ref idref="lg-6"/>
         </contents>
      </load_segment>
      <load_segment id="lg-240" display="no" color="cyan">
         <name>SEGMENT_1</name>
         <run_address>0x20000000</run_address>
         <size>0x218</size>
         <flags>0x6</flags>
         <contents>
            <logical_group_ref idref="lg-d"/>
            <logical_group_ref idref="lg-b"/>
         </contents>
      </load_segment>
   </logical_group_list>
   <placement_map>
      <memory_area display="yes" color="green">
         <name>FLASH</name>
         <page_id>0x0</page_id>
         <origin>0x0</origin>
         <length>0x40000</length>
         <used_space>0xd06</used_space>
         <unused_space>0x3f2fa</unused_space>
         <attributes>RX</attributes>
         <usage_details>
            <allocated_space>
               <start_address>0x0</start_address>
               <size>0x26c</size>
               <logical_group_ref idref="lg-3"/>
            </allocated_space>
            <allocated_space>
               <start_address>0x26c</start_address>
               <size>0x98a</size>
               <logical_group_ref idref="lg-4"/>
            </allocated_space>
            <available_space>
               <start_address>0xbf6</start_address>
               <size>0x2</size>
            </available_space>
            <allocated_space>
               <start_address>0xbf8</start_address>
               <size>0xfc</size>
               <logical_group_ref idref="lg-5"/>
            </allocated_space>
            <available_space>
               <start_address>0xcf4</start_address>
               <size>0x4</size>
            </available_space>
            <allocated_space>
               <start_address>0xcf8</start_address>
               <size>0x14</size>
               <logical_group_ref idref="lg-6"/>
            </allocated_space>
            <available_space>
               <start_address>0xd0c</start_address>
               <size>0x3f2f4</size>
            </available_space>
         </usage_details>
      </memory_area>
      <memory_area display="yes" color="green">
         <name>SRAM</name>
         <page_id>0x0</page_id>
         <origin>0x20000000</origin>
         <length>0x8000</length>
         <used_space>0x218</used_space>
         <unused_space>0x7de8</unused_space>
         <attributes>RWX</attributes>
         <usage_details>
            <allocated_space>
               <start_address>0x20000000</start_address>
               <size>0x200</size>
               <logical_group_ref idref="lg-d"/>
            </allocated_space>
            <allocated_space>
               <start_address>0x20000200</start_address>
               <size>0x18</size>
               <logical_group_ref idref="lg-b"/>
            </allocated_space>
            <available_space>
               <start_address>0x20000218</start_address>
               <size>0x7de8</size>
            </available_space>
         </usage_details>
      </memory_area>
   </placement_map>
   <cptbl_list>
      <cptbl>
         <name>__TI_cinit_table</name>
         <cprec>
            <name>.bss</name>
            <load_address>0xcf8</load_address>
            <load_size>0x8</load_size>
            <run_address>0x20000200</run_address>
            <run_size>0x18</run_size>
            <compression>zero_init</compression>
         </cprec>
      </cptbl>
   </cptbl_list>
   <handler_table>
      <handler_table_name>__TI_handler_table</handler_table_name>
      <handler>
         <index>0x0</index>
         <name>__TI_zero_init</name>
      </handler>
   </handler_table>
   <symbol_table>
      <symbol id="sm-1">
         <name>__STACK_TOP</name>
         <value>0x20000200</value>
      </symbol>
      <symbol id="sm-2">
         <name>__TI_CINIT_Base</name>
         <value>0xd04</value>
      </symbol>
      <symbol id="sm-3">
         <name>__TI_CINIT_Limit</name>
         <value>0xd0c</value>
      </symbol>
      <symbol id="sm-4">
         <name>__TI_Handler_Table_Base</name>
         <value>0xd00</value>
      </symbol>
      <symbol id="sm-5">
         <name>__TI_Handler_Table_Limit</name>
         <value>0xd04</value>
      </symbol>
      <symbol id="sm-6">
         <name>binit</name>
         <value>0xffffffff</value>
      </symbol>
      <symbol id="sm-7">
         <name>__binit__</name>
         <value>0xffffffff</value>
      </symbol>
      <symbol id="sm-8">
         <name>__STACK_SIZE</name>
         <value>0x200</value>
      </symbol>
      <symbol id="sm-9">
         <name>__STACK_END</name>
         <value>0x20000200</value>
      </symbol>
      <symbol id="sm-a">
         <name>__c_args__</name>
         <value>0xffffffff</value>
      </symbol>
      <symbol id="sm-b">
         <name>__TI_pprof_out_hndl</name>
         <value>0xffffffff</value>
      </symbol>
      <symbol id="sm-c">
         <name>__TI_prof_data_start</name>
         <value>0xffffffff</value>
      </symbol>
      <symbol id="sm-d">
         <name>__TI_prof_data_size</name>
         <value>0xffffffff</value>
      </symbol>
      <symbol id="sm-45">
         <name>PinoutSet</name>
         <value>0x8d5</value>
         <object_component_ref idref="oc-cc"/>
      </symbol>
      <symbol id="sm-70">
         <name>xl</name>
         <value>0x20000204</value>
      </symbol>
      <symbol id="sm-71">
         <name>xh</name>
         <value>0x20000200</value>
      </symbol>
      <symbol id="sm-72">
         <name>yl</name>
         <value>0x2000020c</value>
      </symbol>
      <symbol id="sm-73">
         <name>yh</name>
         <value>0x20000208</value>
      </symbol>
      <symbol id="sm-74">
         <name>zl</name>
         <value>0x20000214</value>
      </symbol>
      <symbol id="sm-75">
         <name>zh</name>
         <value>0x20000210</value>
      </symbol>
      <symbol id="sm-76">
         <name>main</name>
         <value>0x3b1</value>
         <object_component_ref idref="oc-98"/>
      </symbol>
      <symbol id="sm-77">
         <name>GetData</name>
         <value>0x3dd</value>
         <object_component_ref idref="oc-98"/>
      </symbol>
      <symbol id="sm-93">
         <name>ResetISR</name>
         <value>0xbb7</value>
         <object_component_ref idref="oc-24"/>
      </symbol>
      <symbol id="sm-94">
         <name>g_pfnVectors</name>
         <value>0x0</value>
         <object_component_ref idref="oc-f"/>
      </symbol>
      <symbol id="sm-b0">
         <name>Init_Led</name>
         <value>0x81d</value>
         <object_component_ref idref="oc-c6"/>
      </symbol>
      <symbol id="sm-b1">
         <name>Init_R</name>
         <value>0x8a9</value>
         <object_component_ref idref="oc-c6"/>
      </symbol>
      <symbol id="sm-b2">
         <name>Init_B</name>
         <value>0x8c1</value>
         <object_component_ref idref="oc-c6"/>
      </symbol>
      <symbol id="sm-b3">
         <name>Init_G</name>
         <value>0x8b5</value>
         <object_component_ref idref="oc-c6"/>
      </symbol>
      <symbol id="sm-d3">
         <name>Init_SSI2</name>
         <value>0x2fd</value>
         <object_component_ref idref="oc-d2"/>
      </symbol>
      <symbol id="sm-d4">
         <name>Init_SSI3</name>
         <value>0x345</value>
         <object_component_ref idref="oc-d2"/>
      </symbol>
      <symbol id="sm-d5">
         <name>Init_SSI0</name>
         <value>0x26d</value>
         <object_component_ref idref="oc-d2"/>
      </symbol>
      <symbol id="sm-d6">
         <name>Init_SSI1</name>
         <value>0x2b5</value>
         <object_component_ref idref="oc-d2"/>
      </symbol>
      <symbol id="sm-e7">
         <name>Init_SysCtl</name>
         <value>0x9c5</value>
         <object_component_ref idref="oc-c0"/>
      </symbol>
      <symbol id="sm-f8">
         <name>delay_us</name>
         <value>0x92d</value>
         <object_component_ref idref="oc-d8"/>
      </symbol>
      <symbol id="sm-f9">
         <name>delay_s</name>
         <value>0x95f</value>
         <object_component_ref idref="oc-d8"/>
      </symbol>
      <symbol id="sm-fa">
         <name>delay_ms</name>
         <value>0x945</value>
         <object_component_ref idref="oc-d8"/>
      </symbol>
      <symbol id="sm-115">
         <name>__TI_zero_init_nomemset</name>
         <value>0xb53</value>
         <object_component_ref idref="oc-44"/>
      </symbol>
      <symbol id="sm-12a">
         <name>__stack</name>
         <value>0x20000000</value>
         <object_component_ref idref="oc-21"/>
      </symbol>
      <symbol id="sm-12b">
         <name>_c_int00_noargs</name>
         <value>0xaf5</value>
         <object_component_ref idref="oc-56"/>
      </symbol>
      <symbol id="sm-156">
         <name>__TI_auto_init_nobinit_nopinit</name>
         <value>0xa09</value>
         <object_component_ref idref="oc-10a"/>
      </symbol>
      <symbol id="sm-160">
         <name>_system_pre_init</name>
         <value>0xbef</value>
         <object_component_ref idref="oc-92"/>
      </symbol>
      <symbol id="sm-16c">
         <name>C$$EXIT</name>
         <value>0xbf3</value>
         <object_component_ref idref="oc-fe"/>
      </symbol>
      <symbol id="sm-16d">
         <name>abort</name>
         <value>0xbf3</value>
         <object_component_ref idref="oc-fe"/>
      </symbol>
      <symbol id="sm-1af">
         <name>GPIOPinConfigure</name>
         <value>0x97d</value>
         <object_component_ref idref="oc-158"/>
      </symbol>
      <symbol id="sm-1b0">
         <name>GPIOPinTypeGPIOOutput</name>
         <value>0xb6f</value>
         <object_component_ref idref="oc-151"/>
      </symbol>
      <symbol id="sm-1b1">
         <name>GPIODirModeSet</name>
         <value>0xb29</value>
         <object_component_ref idref="oc-1bb"/>
      </symbol>
      <symbol id="sm-1b2">
         <name>GPIOPadConfigSet</name>
         <value>0x4e5</value>
         <object_component_ref idref="oc-1b5"/>
      </symbol>
      <symbol id="sm-1b3">
         <name>GPIOPinTypeSSI</name>
         <value>0xb87</value>
         <object_component_ref idref="oc-15e"/>
      </symbol>
      <symbol id="sm-1f6">
         <name>SSIDataPut</name>
         <value>0xbc3</value>
         <object_component_ref idref="oc-e4"/>
      </symbol>
      <symbol id="sm-1f7">
         <name>SSIDataGet</name>
         <value>0xbab</value>
         <object_component_ref idref="oc-ea"/>
      </symbol>
      <symbol id="sm-1f8">
         <name>SSIDataGetNonBlocking</name>
         <value>0xb99</value>
         <object_component_ref idref="oc-17d"/>
      </symbol>
      <symbol id="sm-1f9">
         <name>SSIConfigSetExpClk</name>
         <value>0xa4d</value>
         <object_component_ref idref="oc-171"/>
      </symbol>
      <symbol id="sm-1fa">
         <name>SSIEnable</name>
         <value>0xbd7</value>
         <object_component_ref idref="oc-177"/>
      </symbol>
      <symbol id="sm-1fb">
         <name>SSIBusy</name>
         <value>0xbe1</value>
         <object_component_ref idref="oc-de"/>
      </symbol>
      <symbol id="sm-1fc">
         <name>SSIDisable</name>
         <value>0xbcd</value>
         <object_component_ref idref="oc-165"/>
      </symbol>
      <symbol id="sm-259">
         <name>SysCtlClockSet</name>
         <value>0x729</value>
         <object_component_ref idref="oc-13e"/>
      </symbol>
      <symbol id="sm-25a">
         <name>SysCtlDelay</name>
         <value>0xbe9</value>
         <object_component_ref idref="oc-184"/>
      </symbol>
      <symbol id="sm-25b">
         <name>SysCtlPeripheralEnable</name>
         <value>0xac1</value>
         <object_component_ref idref="oc-145"/>
      </symbol>
      <symbol id="sm-25c">
         <name>SysCtlClockGet</name>
         <value>0x619</value>
         <object_component_ref idref="oc-16b"/>
      </symbol>
      <symbol id="sm-25d">
         <name>SysCtlPeripheralReady</name>
         <value>0xa89</value>
         <object_component_ref idref="oc-14b"/>
      </symbol>
      <symbol id="sm-261">
         <name>__TI_static_base__</name>
         <value>0x0</value>
      </symbol>
      <symbol id="sm-263">
         <name>__mpu_init</name>
         <value>0x0</value>
      </symbol>
      <symbol id="sm-264">
         <name>_system_post_cinit</name>
         <value>0x0</value>
      </symbol>
   </symbol_table>
   <title>Link successful</title>
</link_info>
