******************************************************************************
                  TI ARM Linker PC v18.12.4                    
******************************************************************************
>> Linked Mon Jan 27 06:03:00 2020

OUTPUT FILE NAME:   <20P07_PWM.out>
ENTRY POINT SYMBOL: "_c_int00_noargs"  address: 00000b5d


MEMORY CONFIGURATION

         name            origin    length      used     unused   attr    fill
----------------------  --------  ---------  --------  --------  ----  --------
  FLASH                 00000000   00040000  00000d54  0003f2ac  R  X
  SRAM                  20000000   00008000  0000021c  00007de4  RW X


SEGMENT ALLOCATION MAP

run origin  load origin   length   init length attrs members
----------  ----------- ---------- ----------- ----- -------
00000000    00000000    00000d58   00000d58    r-x
  00000000    00000000    0000026c   0000026c    r-- .intvecs
  0000026c    0000026c    00000a28   00000a28    r-x .text
  00000c94    00000c94    00000090   00000090    r-- .const
  00000d28    00000d28    00000030   00000030    r-- .cinit
20000000    20000000    0000021c   00000000    rw-
  20000000    20000000    00000200   00000000    rw- .stack
  20000200    20000200    00000010   00000000    rw- .data
  20000210    20000210    0000000c   00000000    rw- .bss


SECTION ALLOCATION MAP

 output                                  attributes/
section   page    origin      length       input sections
--------  ----  ----------  ----------   ----------------
.intvecs   0    00000000    0000026c     
                  00000000    0000026c     tm4c123gh6pm_startup_ccs.obj (.intvecs)

.text      0    0000026c    00000a28     
                  0000026c    00000184     main.obj (.text)
                  000003f0    00000132     driverlib.lib : gpio.obj (.text:GPIOPadConfigSet)
                  00000522    00000002     InitFPU.obj (.text)
                  00000524    00000114     InitSysTick.obj (.text)
                  00000638    000000fc     rtsv7M4_T_le_v4SPD16_eabi.lib : fd_mul_t2.asm.obj (.text)
                  00000734    000000f4     driverlib.lib : sysctl.obj (.text:SysCtlClockSet)
                  00000828    0000009c     rtsv7M4_T_le_v4SPD16_eabi.lib : memcpy_t2.asm.obj (.text)
                  000008c4    00000068     InitPWM.obj (.text)
                  0000092c    00000068     rtsv7M4_T_le_v4SPD16_eabi.lib : copy_decompress_lzss.c.obj (.text:decompress:lzss:__TI_decompress_lzss)
                  00000994    00000048     driverlib.lib : gpio.obj (.text:GPIOPinConfigure)
                  000009dc    00000048     pinout.obj (.text)
                  00000a24    00000044     InitSysCtl.obj (.text)
                  00000a68    00000044     rtsv7M4_T_le_v4SPD16_eabi.lib : autoinit.c.obj (.text:__TI_auto_init_nobinit_nopinit:__TI_auto_init_nobinit_nopinit)
                  00000aac    00000044                                   : fd_tou_t2.asm.obj (.text)
                  00000af0    00000038                                   : fs_tod_t2.asm.obj (.text)
                  00000b28    00000034     driverlib.lib : sysctl.obj (.text:SysCtlPeripheralEnable)
                  00000b5c    00000034     rtsv7M4_T_le_v4SPD16_eabi.lib : boot_cortex_m.c.obj (.text:_c_int00_noargs:_c_int00_noargs)
                  00000b90    0000002a     driverlib.lib : gpio.obj (.text:GPIODirModeSet)
                  00000bba    00000022                   : pwm.obj (.text:PWMGenConfigure)
                  00000bdc    0000001e                   : pwm.obj (.text:PWMPulseWidthSet)
                  00000bfa    0000001c     rtsv7M4_T_le_v4SPD16_eabi.lib : copy_zero_init.c.obj (.text:decompress:ZI:__TI_zero_init_nomemset:__TI_zero_init_nomemset)
                  00000c16    00000002     --HOLE-- [fill = 0]
                  00000c18    00000014     driverlib.lib : sysctl.obj (.text:SysCtlPWMClockSet)
                  00000c2c    00000012                   : gpio.obj (.text:GPIOPinTypePWM)
                  00000c3e    00000012                   : pwm.obj (.text:PWMOutputState)
                  00000c50    00000010                   : pwm.obj (.text:PWMGenPeriodSet)
                  00000c60    0000000e     rtsv7M4_T_le_v4SPD16_eabi.lib : copy_decompress_none.c.obj (.text:decompress:none:__TI_decompress_none)
                  00000c6e    0000000c     driverlib.lib : pwm.obj (.text:PWMGenEnable)
                  00000c7a    0000000c     tm4c123gh6pm_startup_ccs.obj (.text)
                  00000c86    00000006     driverlib.lib : sysctl.obj (.text:SysCtlDelay)
                  00000c8c    00000004     rtsv7M4_T_le_v4SPD16_eabi.lib : pre_init.c.obj (.text:_system_pre_init)
                  00000c90    00000004                                   : exit.c.obj (.text:abort:abort)

.const     0    00000c94    00000090     
                  00000c94    00000090     driverlib.lib : gpio.obj (.const:g_pui32GPIOBaseAddrs)

.cinit     0    00000d28    00000030     
                  00000d28    0000000c     (__TI_handler_table)
                  00000d34    0000000a     (.cinit..data.load) [load image, compression = lzss]
                  00000d3e    00000002     --HOLE-- [fill = 0]
                  00000d40    00000008     (.cinit..bss.load) [load image, compression = zero_init]
                  00000d48    00000010     (__TI_cinit_table)

.init_array 
*          0    00000000    00000000     UNINITIALIZED

.data      0    20000200    00000010     UNINITIALIZED
                  20000200    00000010     main.obj (.data)

.bss       0    20000210    0000000c     UNINITIALIZED
                  20000210    00000004     (.common:PF1PWMPeriod)
                  20000214    00000004     (.common:PF2PWMPeriod)
                  20000218    00000004     (.common:PF3PWMPeriod)

.stack     0    20000000    00000200     UNINITIALIZED
                  20000000    00000004     rtsv7M4_T_le_v4SPD16_eabi.lib : boot_cortex_m.c.obj (.stack)
                  20000004    000001fc     --HOLE--

MODULE SUMMARY

       Module                         code   ro data   rw data
       ------                         ----   -------   -------
    .\
       tm4c123gh6pm_startup_ccs.obj   12     620       0      
       main.obj                       388    0         28     
    +--+------------------------------+------+---------+---------+
       Total:                         400    620       28     
                                                              
    .\syscfg\
       pinout.obj                     72     0         0      
    +--+------------------------------+------+---------+---------+
       Total:                         72     0         0      
                                                              
    .\user_init\
       InitSysTick.obj                276    0         0      
       InitPWM.obj                    104    0         0      
       InitSysCtl.obj                 68     0         0      
       InitFPU.obj                    2      0         0      
    +--+------------------------------+------+---------+---------+
       Total:                         450    0         0      
                                                              
    C:/ti/TivaWare_C_Series-2.1.4.178/driverlib/ccs/Debug/driverlib.lib
       gpio.obj                       438    144       0      
       sysctl.obj                     322    0         0      
       pwm.obj                        110    0         0      
    +--+------------------------------+------+---------+---------+
       Total:                         870    144       0      
                                                              
    C:\ti\ccs901\ccs\tools\compiler\ti-cgt-arm_18.12.4.LTS\lib\rtsv7M4_T_le_v4SPD16_eabi.lib
       fd_mul_t2.asm.obj              252    0         0      
       memcpy_t2.asm.obj              156    0         0      
       copy_decompress_lzss.c.obj     104    0         0      
       autoinit.c.obj                 68     0         0      
       fd_tou_t2.asm.obj              68     0         0      
       fs_tod_t2.asm.obj              56     0         0      
       boot_cortex_m.c.obj            52     0         0      
       copy_zero_init.c.obj           28     0         0      
       copy_decompress_none.c.obj     14     0         0      
       exit.c.obj                     4      0         0      
       pre_init.c.obj                 4      0         0      
    +--+------------------------------+------+---------+---------+
       Total:                         806    0         0      
                                                              
       Stack:                         0      0         512    
       Linker Generated:              0      46        0      
    +--+------------------------------+------+---------+---------+
       Grand Total:                   2598   810       540    


LINKER GENERATED COPY TABLES

__TI_cinit_table @ 00000d48 records: 2, size/record: 8, table size: 16
	.data: load addr=00000d34, load size=0000000a bytes, run addr=20000200, run size=00000010 bytes, compression=lzss
	.bss: load addr=00000d40, load size=00000008 bytes, run addr=20000210, run size=0000000c bytes, compression=zero_init


LINKER GENERATED HANDLER TABLE

__TI_handler_table @ 00000d28 records: 3, size/record: 4, table size: 12
	index: 0, handler: __TI_decompress_lzss
	index: 1, handler: __TI_decompress_none
	index: 2, handler: __TI_zero_init


GLOBAL SYMBOLS: SORTED ALPHABETICALLY BY Name 

address   name                          
-------   ----                          
00000c91  C$$EXIT                       
00000b91  GPIODirModeSet                
000003f1  GPIOPadConfigSet              
00000995  GPIOPinConfigure              
00000c2d  GPIOPinTypePWM                
000002c1  GetPeriodPWM                  
00000523  Init_FPU                      
000008c5  Init_PWM0                     
000008c7  Init_PWM1                     
00000a25  Init_SysCtl                   
00000525  Init_SysTick                  
20000200  PF1PWMDen                     
20000210  PF1PWMPeriod                  
20000204  PF2PWMDen                     
20000214  PF2PWMPeriod                  
20000208  PF3PWMDen                     
20000218  PF3PWMPeriod                  
00000bbb  PWMGenConfigure               
00000c6f  PWMGenEnable                  
00000c51  PWMGenPeriodSet               
2000020c  PWMNum                        
00000c3f  PWMOutputState                
00000bdd  PWMPulseWidthSet              
000009dd  PinoutSet                     
00000291  RGBPWM                        
00000c7b  ResetISR                      
00000735  SysCtlClockSet                
00000c87  SysCtlDelay                   
00000c19  SysCtlPWMClockSet             
00000b29  SysCtlPeripheralEnable        
00000541  SysTick_Wait                  
00000601  SysTick_Wait1h                
000005db  SysTick_Wait1m                
0000058d  SysTick_Wait1ms               
000005b3  SysTick_Wait1s                
00000567  SysTick_Wait1us               
20000200  __STACK_END                   
00000200  __STACK_SIZE                  
20000200  __STACK_TOP                   
00000d48  __TI_CINIT_Base               
00000d58  __TI_CINIT_Limit              
00000d28  __TI_Handler_Table_Base       
00000d34  __TI_Handler_Table_Limit      
00000a69  __TI_auto_init_nobinit_nopinit
0000092d  __TI_decompress_lzss          
00000c61  __TI_decompress_none          
ffffffff  __TI_pprof_out_hndl           
ffffffff  __TI_prof_data_size           
ffffffff  __TI_prof_data_start          
00000000  __TI_static_base__            
00000bfb  __TI_zero_init_nomemset       
00000aad  __aeabi_d2uiz                 
00000639  __aeabi_dmul                  
00000af1  __aeabi_f2d                   
00000829  __aeabi_memcpy                
00000829  __aeabi_memcpy4               
00000829  __aeabi_memcpy8               
ffffffff  __binit__                     
ffffffff  __c_args__                    
UNDEFED   __mpu_init                    
20000000  __stack                       
00000b5d  _c_int00_noargs               
UNDEFED   _system_post_cinit            
00000c8d  _system_pre_init              
00000c91  abort                         
ffffffff  binit                         
00000000  g_pfnVectors                  
0000026d  main                          
00000829  memcpy                        


GLOBAL SYMBOLS: SORTED BY Symbol Address 

address   name                          
-------   ----                          
00000000  __TI_static_base__            
00000000  g_pfnVectors                  
00000200  __STACK_SIZE                  
0000026d  main                          
00000291  RGBPWM                        
000002c1  GetPeriodPWM                  
000003f1  GPIOPadConfigSet              
00000523  Init_FPU                      
00000525  Init_SysTick                  
00000541  SysTick_Wait                  
00000567  SysTick_Wait1us               
0000058d  SysTick_Wait1ms               
000005b3  SysTick_Wait1s                
000005db  SysTick_Wait1m                
00000601  SysTick_Wait1h                
00000639  __aeabi_dmul                  
00000735  SysCtlClockSet                
00000829  __aeabi_memcpy                
00000829  __aeabi_memcpy4               
00000829  __aeabi_memcpy8               
00000829  memcpy                        
000008c5  Init_PWM0                     
000008c7  Init_PWM1                     
0000092d  __TI_decompress_lzss          
00000995  GPIOPinConfigure              
000009dd  PinoutSet                     
00000a25  Init_SysCtl                   
00000a69  __TI_auto_init_nobinit_nopinit
00000aad  __aeabi_d2uiz                 
00000af1  __aeabi_f2d                   
00000b29  SysCtlPeripheralEnable        
00000b5d  _c_int00_noargs               
00000b91  GPIODirModeSet                
00000bbb  PWMGenConfigure               
00000bdd  PWMPulseWidthSet              
00000bfb  __TI_zero_init_nomemset       
00000c19  SysCtlPWMClockSet             
00000c2d  GPIOPinTypePWM                
00000c3f  PWMOutputState                
00000c51  PWMGenPeriodSet               
00000c61  __TI_decompress_none          
00000c6f  PWMGenEnable                  
00000c7b  ResetISR                      
00000c87  SysCtlDelay                   
00000c8d  _system_pre_init              
00000c91  C$$EXIT                       
00000c91  abort                         
00000d28  __TI_Handler_Table_Base       
00000d34  __TI_Handler_Table_Limit      
00000d48  __TI_CINIT_Base               
00000d58  __TI_CINIT_Limit              
20000000  __stack                       
20000200  PF1PWMDen                     
20000200  __STACK_END                   
20000200  __STACK_TOP                   
20000204  PF2PWMDen                     
20000208  PF3PWMDen                     
2000020c  PWMNum                        
20000210  PF1PWMPeriod                  
20000214  PF2PWMPeriod                  
20000218  PF3PWMPeriod                  
ffffffff  __TI_pprof_out_hndl           
ffffffff  __TI_prof_data_size           
ffffffff  __TI_prof_data_start          
ffffffff  __binit__                     
ffffffff  __c_args__                    
ffffffff  binit                         
UNDEFED   __mpu_init                    
UNDEFED   _system_post_cinit            

[69 symbols]
