******************************************************************************
                  TI ARM Linker PC v18.12.4                    
******************************************************************************
>> Linked Mon Jan 20 09:01:02 2020

OUTPUT FILE NAME:   <20P01_0DefaultPrj.out>
ENTRY POINT SYMBOL: "_c_int00_noinit_noargs"  address: 00000659


MEMORY CONFIGURATION

         name            origin    length      used     unused   attr    fill
----------------------  --------  ---------  --------  --------  ----  --------
  FLASH                 00000000   00040000  00000790  0003f870  R  X
  SRAM                  20000000   00008000  00000200  00007e00  RW X


SEGMENT ALLOCATION MAP

run origin  load origin   length   init length attrs members
----------  ----------- ---------- ----------- ----- -------
00000000    00000000    00000790   00000790    r-x
  00000000    00000000    0000026c   0000026c    r-- .intvecs
  0000026c    0000026c    000004b8   000004b8    r-x .text
  00000724    00000724    0000006c   0000006c    r-- .const
20000000    20000000    00000200   00000000    rw-
  20000000    20000000    00000200   00000000    rw- .stack


SECTION ALLOCATION MAP

 output                                  attributes/
section   page    origin      length       input sections
--------  ----  ----------  ----------   ----------------
.intvecs   0    00000000    0000026c     
                  00000000    0000026c     tm4c123gh6pm_startup_ccs.obj (.intvecs)

.text      0    0000026c    000004b8     
                  0000026c    00000132     driverlib.lib : gpio.obj (.text:GPIOPadConfigSet)
                  0000039e    00000002     --HOLE-- [fill = 0]
                  000003a0    00000110                   : sysctl.obj (.text:SysCtlClockGet)
                  000004b0    000000f4                   : sysctl.obj (.text:SysCtlClockSet)
                  000005a4    00000050     delay.obj (.text)
                  000005f4    00000034     driverlib.lib : sysctl.obj (.text:SysCtlPeripheralEnable)
                  00000628    00000030     main.obj (.text)
                  00000658    0000002c     rtsv7M4_T_le_v4SPD16_eabi.lib : boot_cortex_m.c.obj (.text:_c_int00_noinit_noargs:_c_int00_noinit_noargs)
                  00000684    0000002c     pinout.obj (.text)
                  000006b0    0000002a     driverlib.lib : gpio.obj (.text:GPIODirModeSet)
                  000006da    00000018                   : gpio.obj (.text:GPIOPinTypeGPIOOutput)
                  000006f2    00000002     --HOLE-- [fill = 0]
                  000006f4    00000010     InitSysCtl.obj (.text)
                  00000704    0000000c     tm4c123gh6pm_startup_ccs.obj (.text)
                  00000710    00000006     driverlib.lib : gpio.obj (.text:GPIOPinWrite)
                  00000716    00000006                   : sysctl.obj (.text:SysCtlDelay)
                  0000071c    00000004     rtsv7M4_T_le_v4SPD16_eabi.lib : pre_init.c.obj (.text:_system_pre_init)
                  00000720    00000004                                   : exit.c.obj (.text:abort:abort)

.const     0    00000724    0000006c     
                  00000724    0000006c     driverlib.lib : sysctl.obj (.const:g_pui32Xtals)

.cinit     0    00000000    00000000     UNINITIALIZED

.init_array 
*          0    00000000    00000000     UNINITIALIZED

.stack     0    20000000    00000200     UNINITIALIZED
                  20000000    00000004     rtsv7M4_T_le_v4SPD16_eabi.lib : boot_cortex_m.c.obj (.stack)
                  20000004    000001fc     --HOLE--

MODULE SUMMARY

       Module                         code   ro data   rw data
       ------                         ----   -------   -------
    .\
       tm4c123gh6pm_startup_ccs.obj   12     620       0      
       main.obj                       48     0         0      
    +--+------------------------------+------+---------+---------+
       Total:                         60     620       0      
                                                              
    .\syscfg\
       pinout.obj                     44     0         0      
    +--+------------------------------+------+---------+---------+
       Total:                         44     0         0      
                                                              
    .\user_init\
       delay.obj                      80     0         0      
       InitSysCtl.obj                 16     0         0      
    +--+------------------------------+------+---------+---------+
       Total:                         96     0         0      
                                                              
    C:/ti/TivaWare_C_Series-2.1.4.178/driverlib/ccs/Debug/driverlib.lib
       sysctl.obj                     574    108       0      
       gpio.obj                       378    0         0      
    +--+------------------------------+------+---------+---------+
       Total:                         952    108       0      
                                                              
    C:\ti\ccs901\ccs\tools\compiler\ti-cgt-arm_18.12.4.LTS\lib\rtsv7M4_T_le_v4SPD16_eabi.lib
       boot_cortex_m.c.obj            44     0         0      
       exit.c.obj                     4      0         0      
       pre_init.c.obj                 4      0         0      
    +--+------------------------------+------+---------+---------+
       Total:                         52     0         0      
                                                              
       Stack:                         0      0         512    
    +--+------------------------------+------+---------+---------+
       Grand Total:                   1204   728       512    


GLOBAL SYMBOLS: SORTED ALPHABETICALLY BY Name 

address   name                  
-------   ----                  
00000721  C$$EXIT               
000006b1  GPIODirModeSet        
0000026d  GPIOPadConfigSet      
000006db  GPIOPinTypeGPIOOutput 
00000711  GPIOPinWrite          
000006f5  Init_SysCtl           
00000685  PinoutSet             
00000705  ResetISR              
000003a1  SysCtlClockGet        
000004b1  SysCtlClockSet        
00000717  SysCtlDelay           
000005f5  SysCtlPeripheralEnable
20000200  __STACK_END           
00000200  __STACK_SIZE          
20000200  __STACK_TOP           
ffffffff  __TI_pprof_out_hndl   
ffffffff  __TI_prof_data_size   
ffffffff  __TI_prof_data_start  
00000000  __TI_static_base__    
ffffffff  __binit__             
ffffffff  __c_args__            
UNDEFED   __mpu_init            
20000000  __stack               
00000659  _c_int00_noinit_noargs
0000071d  _system_pre_init      
00000721  abort                 
ffffffff  binit                 
000005bd  delay_ms              
000005d7  delay_s               
000005a5  delay_us              
00000000  g_pfnVectors          
00000629  main                  


GLOBAL SYMBOLS: SORTED BY Symbol Address 

address   name                  
-------   ----                  
00000000  __TI_static_base__    
00000000  g_pfnVectors          
00000200  __STACK_SIZE          
0000026d  GPIOPadConfigSet      
000003a1  SysCtlClockGet        
000004b1  SysCtlClockSet        
000005a5  delay_us              
000005bd  delay_ms              
000005d7  delay_s               
000005f5  SysCtlPeripheralEnable
00000629  main                  
00000659  _c_int00_noinit_noargs
00000685  PinoutSet             
000006b1  GPIODirModeSet        
000006db  GPIOPinTypeGPIOOutput 
000006f5  Init_SysCtl           
00000705  ResetISR              
00000711  GPIOPinWrite          
00000717  SysCtlDelay           
0000071d  _system_pre_init      
00000721  C$$EXIT               
00000721  abort                 
20000000  __stack               
20000200  __STACK_END           
20000200  __STACK_TOP           
ffffffff  __TI_pprof_out_hndl   
ffffffff  __TI_prof_data_size   
ffffffff  __TI_prof_data_start  
ffffffff  __binit__             
ffffffff  __c_args__            
ffffffff  binit                 
UNDEFED   __mpu_init            

[32 symbols]
