******************************************************************************
                  TI ARM Linker PC v18.12.4                    
******************************************************************************
>> Linked Wed Jan 29 04:57:44 2020

OUTPUT FILE NAME:   <20P12_HIBERNATION.out>
ENTRY POINT SYMBOL: "_c_int00_noinit_noargs"  address: 00000809


MEMORY CONFIGURATION

         name            origin    length      used     unused   attr    fill
----------------------  --------  ---------  --------  --------  ----  --------
  FLASH                 00000000   00040000  000009aa  0003f656  R  X
  SRAM                  20000000   00008000  00000200  00007e00  RW X


SEGMENT ALLOCATION MAP

run origin  load origin   length   init length attrs members
----------  ----------- ---------- ----------- ----- -------
00000000    00000000    000009ac   000009ac    r-x
  00000000    00000000    0000026c   0000026c    r-- .intvecs
  0000026c    0000026c    000006d2   000006d2    r-x .text
  00000940    00000940    0000006c   0000006c    r-- .const
20000000    20000000    00000200   00000000    rw-
  20000000    20000000    00000200   00000000    rw- .stack


SECTION ALLOCATION MAP

 output                                  attributes/
section   page    origin      length       input sections
--------  ----  ----------  ----------   ----------------
.intvecs   0    00000000    0000026c     
                  00000000    0000026c     tm4c123gh6pm_startup_ccs.obj (.intvecs)

.text      0    0000026c    000006d2     
                  0000026c    00000132     driverlib.lib : gpio.obj (.text:GPIOPadConfigSet)
                  0000039e    00000002     pinout.obj (.text)
                  000003a0    00000110     driverlib.lib : sysctl.obj (.text:SysCtlClockGet)
                  000004b0    000000f4                   : sysctl.obj (.text:SysCtlClockSet)
                  000005a4    000000b8     InitLED.obj (.text)
                  0000065c    00000064     driverlib.lib : hibernate.obj (.text:HibernateWakeSet)
                  000006c0    00000044     InitSysCtl.obj (.text)
                  00000704    0000003c     InitHibernation.obj (.text)
                  00000740    00000038     driverlib.lib : sysctl.obj (.text:SysCtlPeripheralReady)
                  00000778    00000034                   : sysctl.obj (.text:SysCtlPeripheralEnable)
                  000007ac    00000030     main.obj (.text)
                  000007dc    0000002c     driverlib.lib : hibernate.obj (.text:HibernateRTCSet)
                  00000808    0000002c     rtsv7M4_T_le_v4SPD16_eabi.lib : boot_cortex_m.c.obj (.text:_c_int00_noinit_noargs:_c_int00_noinit_noargs)
                  00000834    0000002a     driverlib.lib : gpio.obj (.text:GPIODirModeSet)
                  0000085e    00000018                   : gpio.obj (.text:GPIOPinTypeGPIOOutput)
                  00000876    00000002     --HOLE-- [fill = 0]
                  00000878    00000018                   : hibernate.obj (.text:HibernateGPIORetentionEnable)
                  00000890    00000014                   : hibernate.obj (.text:HibernateEnableExpClk)
                  000008a4    00000014                   : hibernate.obj (.text:HibernateRTCEnable)
                  000008b8    00000014                   : hibernate.obj (.text:HibernateRequest)
                  000008cc    00000010                   : hibernate.obj (.text:HibernateRTCMatchSet)
                  000008dc    00000010                   : interrupt.obj (.text:IntMasterDisable)
                  000008ec    00000010                   : interrupt.obj (.text:IntMasterEnable)
                  000008fc    00000010                   : hibernate.obj (.text:_HibernateWriteComplete)
                  0000090c    0000000c                   : cpu.obj (.text:CPUcpsid)
                  00000918    0000000c                   : cpu.obj (.text:CPUcpsie)
                  00000924    0000000c     tm4c123gh6pm_startup_ccs.obj (.text)
                  00000930    00000006     driverlib.lib : sysctl.obj (.text:SysCtlDelay)
                  00000936    00000004     rtsv7M4_T_le_v4SPD16_eabi.lib : pre_init.c.obj (.text:_system_pre_init)
                  0000093a    00000004                                   : exit.c.obj (.text:abort:abort)

.const     0    00000940    0000006c     
                  00000940    0000006c     driverlib.lib : sysctl.obj (.const:g_pui32Xtals)

.cinit     0    00000000    00000000     UNINITIALIZED

.init_array 
*          0    00000000    00000000     UNINITIALIZED

.stack     0    20000000    00000200     UNINITIALIZED
                  20000000    00000004     rtsv7M4_T_le_v4SPD16_eabi.lib : boot_cortex_m.c.obj (.stack)
                  20000004    000001fc     --HOLE--

MODULE SUMMARY

       Module                         code   ro data   rw data
       ------                         ----   -------   -------
    .\
       tm4c123gh6pm_startup_ccs.obj   12     620       0      
       main.obj                       48     0         0      
    +--+------------------------------+------+---------+---------+
       Total:                         60     620       0      
                                                              
    .\syscfg\
       pinout.obj                     2      0         0      
    +--+------------------------------+------+---------+---------+
       Total:                         2      0         0      
                                                              
    .\user_init\
       InitLED.obj                    184    0         0      
       InitSysCtl.obj                 68     0         0      
       InitHibernation.obj            60     0         0      
    +--+------------------------------+------+---------+---------+
       Total:                         312    0         0      
                                                              
    C:/ti/TivaWare_C_Series-2.1.4.178/driverlib/ccs/Debug/driverlib.lib
       sysctl.obj                     630    108       0      
       gpio.obj                       372    0         0      
       hibernate.obj                  260    0         0      
       interrupt.obj                  32     0         0      
       cpu.obj                        24     0         0      
    +--+------------------------------+------+---------+---------+
       Total:                         1318   108       0      
                                                              
    C:\ti\ccs901\ccs\tools\compiler\ti-cgt-arm_18.12.4.LTS\lib\rtsv7M4_T_le_v4SPD16_eabi.lib
       boot_cortex_m.c.obj            44     0         0      
       exit.c.obj                     4      0         0      
       pre_init.c.obj                 4      0         0      
    +--+------------------------------+------+---------+---------+
       Total:                         52     0         0      
                                                              
       Stack:                         0      0         512    
    +--+------------------------------+------+---------+---------+
       Grand Total:                   1744   728       512    


GLOBAL SYMBOLS: SORTED ALPHABETICALLY BY Name 

address   name                        
-------   ----                        
0000093b  C$$EXIT                     
0000090d  CPUcpsid                    
00000919  CPUcpsie                    
00000835  GPIODirModeSet              
0000026d  GPIOPadConfigSet            
0000085f  GPIOPinTypeGPIOOutput       
00000891  HibernateEnableExpClk       
00000879  HibernateGPIORetentionEnable
000008a5  HibernateRTCEnable          
000008cd  HibernateRTCMatchSet        
000007dd  HibernateRTCSet             
000008b9  HibernateRequest            
0000065d  HibernateWakeSet            
00000649  Init_B                      
0000063d  Init_G                      
00000705  Init_Hibernation            
000005a5  Init_Led                    
00000631  Init_R                      
000006c1  Init_SysCtl                 
000008dd  IntMasterDisable            
000008ed  IntMasterEnable             
0000039f  PinoutSet                   
00000925  ResetISR                    
000003a1  SysCtlClockGet              
000004b1  SysCtlClockSet              
00000931  SysCtlDelay                 
00000779  SysCtlPeripheralEnable      
00000741  SysCtlPeripheralReady       
20000200  __STACK_END                 
00000200  __STACK_SIZE                
20000200  __STACK_TOP                 
ffffffff  __TI_pprof_out_hndl         
ffffffff  __TI_prof_data_size         
ffffffff  __TI_prof_data_start        
00000000  __TI_static_base__          
ffffffff  __binit__                   
ffffffff  __c_args__                  
UNDEFED   __mpu_init                  
20000000  __stack                     
00000809  _c_int00_noinit_noargs      
00000937  _system_pre_init            
0000093b  abort                       
ffffffff  binit                       
00000000  g_pfnVectors                
000007ad  main                        


GLOBAL SYMBOLS: SORTED BY Symbol Address 

address   name                        
-------   ----                        
00000000  __TI_static_base__          
00000000  g_pfnVectors                
00000200  __STACK_SIZE                
0000026d  GPIOPadConfigSet            
0000039f  PinoutSet                   
000003a1  SysCtlClockGet              
000004b1  SysCtlClockSet              
000005a5  Init_Led                    
00000631  Init_R                      
0000063d  Init_G                      
00000649  Init_B                      
0000065d  HibernateWakeSet            
000006c1  Init_SysCtl                 
00000705  Init_Hibernation            
00000741  SysCtlPeripheralReady       
00000779  SysCtlPeripheralEnable      
000007ad  main                        
000007dd  HibernateRTCSet             
00000809  _c_int00_noinit_noargs      
00000835  GPIODirModeSet              
0000085f  GPIOPinTypeGPIOOutput       
00000879  HibernateGPIORetentionEnable
00000891  HibernateEnableExpClk       
000008a5  HibernateRTCEnable          
000008b9  HibernateRequest            
000008cd  HibernateRTCMatchSet        
000008dd  IntMasterDisable            
000008ed  IntMasterEnable             
0000090d  CPUcpsid                    
00000919  CPUcpsie                    
00000925  ResetISR                    
00000931  SysCtlDelay                 
00000937  _system_pre_init            
0000093b  C$$EXIT                     
0000093b  abort                       
20000000  __stack                     
20000200  __STACK_END                 
20000200  __STACK_TOP                 
ffffffff  __TI_pprof_out_hndl         
ffffffff  __TI_prof_data_size         
ffffffff  __TI_prof_data_start        
ffffffff  __binit__                   
ffffffff  __c_args__                  
ffffffff  binit                       
UNDEFED   __mpu_init                  

[45 symbols]
